Archive member included to satisfy reference by file (symbol)

C:/ST/STM32CubeIDE_1.19.0/STM32CubeIDE/plugins/com.st.stm32cube.ide.mcu.externaltools.gnu-tools-for-stm32.13.3.rel1.win32_1.0.0.202411081344/tools/bin/../lib/gcc/arm-none-eabi/13.3.1/../../../../arm-none-eabi/lib/thumb/v7e-m+fp/hard\libstdc++_nano.a(guard.o)
                              ./Core/Src/CAN_driver_wrapper.o (__cxa_guard_acquire)
C:/ST/STM32CubeIDE_1.19.0/STM32CubeIDE/plugins/com.st.stm32cube.ide.mcu.externaltools.gnu-tools-for-stm32.13.3.rel1.win32_1.0.0.202411081344/tools/bin/../lib/gcc/arm-none-eabi/13.3.1/../../../../arm-none-eabi/lib/thumb/v7e-m+fp/hard\libm.a(libm_a-s_round.o)
                              ./Drivers/VL53L4CD_ULD_Driver/VL53L4CD_api.o (round)
C:/ST/STM32CubeIDE_1.19.0/STM32CubeIDE/plugins/com.st.stm32cube.ide.mcu.externaltools.gnu-tools-for-stm32.13.3.rel1.win32_1.0.0.202411081344/tools/bin/../lib/gcc/arm-none-eabi/13.3.1/../../../../arm-none-eabi/lib/thumb/v7e-m+fp/hard\libc_nano.a(libc_a-exit.o)
                              C:/ST/STM32CubeIDE_1.19.0/STM32CubeIDE/plugins/com.st.stm32cube.ide.mcu.externaltools.gnu-tools-for-stm32.13.3.rel1.win32_1.0.0.202411081344/tools/bin/../lib/gcc/arm-none-eabi/13.3.1/../../../../arm-none-eabi/lib/thumb/v7e-m+fp/hard/crt0.o (exit)
C:/ST/STM32CubeIDE_1.19.0/STM32CubeIDE/plugins/com.st.stm32cube.ide.mcu.externaltools.gnu-tools-for-stm32.13.3.rel1.win32_1.0.0.202411081344/tools/bin/../lib/gcc/arm-none-eabi/13.3.1/../../../../arm-none-eabi/lib/thumb/v7e-m+fp/hard\libc_nano.a(libc_a-findfp.o)
                              C:/ST/STM32CubeIDE_1.19.0/STM32CubeIDE/plugins/com.st.stm32cube.ide.mcu.externaltools.gnu-tools-for-stm32.13.3.rel1.win32_1.0.0.202411081344/tools/bin/../lib/gcc/arm-none-eabi/13.3.1/../../../../arm-none-eabi/lib/thumb/v7e-m+fp/hard\libc_nano.a(libc_a-exit.o) (__stdio_exit_handler)
C:/ST/STM32CubeIDE_1.19.0/STM32CubeIDE/plugins/com.st.stm32cube.ide.mcu.externaltools.gnu-tools-for-stm32.13.3.rel1.win32_1.0.0.202411081344/tools/bin/../lib/gcc/arm-none-eabi/13.3.1/../../../../arm-none-eabi/lib/thumb/v7e-m+fp/hard\libc_nano.a(libc_a-fwalk.o)
                              C:/ST/STM32CubeIDE_1.19.0/STM32CubeIDE/plugins/com.st.stm32cube.ide.mcu.externaltools.gnu-tools-for-stm32.13.3.rel1.win32_1.0.0.202411081344/tools/bin/../lib/gcc/arm-none-eabi/13.3.1/../../../../arm-none-eabi/lib/thumb/v7e-m+fp/hard\libc_nano.a(libc_a-findfp.o) (_fwalk_sglue)
C:/ST/STM32CubeIDE_1.19.0/STM32CubeIDE/plugins/com.st.stm32cube.ide.mcu.externaltools.gnu-tools-for-stm32.13.3.rel1.win32_1.0.0.202411081344/tools/bin/../lib/gcc/arm-none-eabi/13.3.1/../../../../arm-none-eabi/lib/thumb/v7e-m+fp/hard\libc_nano.a(libc_a-printf.o)
                              ./Core/Src/BoardManager.o (printf)
C:/ST/STM32CubeIDE_1.19.0/STM32CubeIDE/plugins/com.st.stm32cube.ide.mcu.externaltools.gnu-tools-for-stm32.13.3.rel1.win32_1.0.0.202411081344/tools/bin/../lib/gcc/arm-none-eabi/13.3.1/../../../../arm-none-eabi/lib/thumb/v7e-m+fp/hard\libc_nano.a(libc_a-puts.o)
                              ./Core/Src/BoardManager.o (puts)
C:/ST/STM32CubeIDE_1.19.0/STM32CubeIDE/plugins/com.st.stm32cube.ide.mcu.externaltools.gnu-tools-for-stm32.13.3.rel1.win32_1.0.0.202411081344/tools/bin/../lib/gcc/arm-none-eabi/13.3.1/../../../../arm-none-eabi/lib/thumb/v7e-m+fp/hard\libc_nano.a(libc_a-stdio.o)
                              C:/ST/STM32CubeIDE_1.19.0/STM32CubeIDE/plugins/com.st.stm32cube.ide.mcu.externaltools.gnu-tools-for-stm32.13.3.rel1.win32_1.0.0.202411081344/tools/bin/../lib/gcc/arm-none-eabi/13.3.1/../../../../arm-none-eabi/lib/thumb/v7e-m+fp/hard\libc_nano.a(libc_a-findfp.o) (__sread)
C:/ST/STM32CubeIDE_1.19.0/STM32CubeIDE/plugins/com.st.stm32cube.ide.mcu.externaltools.gnu-tools-for-stm32.13.3.rel1.win32_1.0.0.202411081344/tools/bin/../lib/gcc/arm-none-eabi/13.3.1/../../../../arm-none-eabi/lib/thumb/v7e-m+fp/hard\libc_nano.a(libc_a-wbuf.o)
                              C:/ST/STM32CubeIDE_1.19.0/STM32CubeIDE/plugins/com.st.stm32cube.ide.mcu.externaltools.gnu-tools-for-stm32.13.3.rel1.win32_1.0.0.202411081344/tools/bin/../lib/gcc/arm-none-eabi/13.3.1/../../../../arm-none-eabi/lib/thumb/v7e-m+fp/hard\libc_nano.a(libc_a-puts.o) (__swbuf_r)
C:/ST/STM32CubeIDE_1.19.0/STM32CubeIDE/plugins/com.st.stm32cube.ide.mcu.externaltools.gnu-tools-for-stm32.13.3.rel1.win32_1.0.0.202411081344/tools/bin/../lib/gcc/arm-none-eabi/13.3.1/../../../../arm-none-eabi/lib/thumb/v7e-m+fp/hard\libc_nano.a(libc_a-wsetup.o)
                              C:/ST/STM32CubeIDE_1.19.0/STM32CubeIDE/plugins/com.st.stm32cube.ide.mcu.externaltools.gnu-tools-for-stm32.13.3.rel1.win32_1.0.0.202411081344/tools/bin/../lib/gcc/arm-none-eabi/13.3.1/../../../../arm-none-eabi/lib/thumb/v7e-m+fp/hard\libc_nano.a(libc_a-puts.o) (__swsetup_r)
[...]
Memory Configuration

Name             Origin             Length             Attributes
RAM              0x20000000         0x0001c000         xrw
FLASH            0x08000000         0x00040000         xr
*default*        0x00000000         0xffffffff

Linker script and memory map

LOAD C:/ST/STM32CubeIDE_1.19.0/STM32CubeIDE/plugins/com.st.stm32cube.ide.mcu.externaltools.gnu-tools-for-stm32.13.3.rel1.win32_1.0.0.202411081344/tools/bin/../lib/gcc/arm-none-eabi/13.3.1/thumb/v7e-m+fp/hard/crti.o
LOAD C:/ST/STM32CubeIDE_1.19.0/STM32CubeIDE/plugins/com.st.stm32cube.ide.mcu.externaltools.gnu-tools-for-stm32.13.3.rel1.win32_1.0.0.202411081344/tools/bin/../lib/gcc/arm-none-eabi/13.3.1/thumb/v7e-m+fp/hard/crtbegin.o
LOAD C:/ST/STM32CubeIDE_1.19.0/STM32CubeIDE/plugins/com.st.stm32cube.ide.mcu.externaltools.gnu-tools-for-stm32.13.3.rel1.win32_1.0.0.202411081344/tools/bin/../lib/gcc/arm-none-eabi/13.3.1/../../../../arm-none-eabi/lib/thumb/v7e-m+fp/hard/crt0.o
LOAD ./Core/Src/BoardManager.o
LOAD ./Core/Src/CANDriver.o
LOAD ./Core/Src/CANMessage.o
LOAD ./Core/Src/CAN_driver_wrapper.o
LOAD ./Core/Src/fdcan.o
LOAD ./Core/Src/gpio.o
LOAD ./Core/Src/i2c.o
LOAD ./Core/Src/main.o
LOAD ./Core/Src/stm32g4xx_hal_msp.o
LOAD ./Core/Src/stm32g4xx_it.o
LOAD ./Core/Src/syscalls.o
LOAD ./Core/Src/sysmem.o
LOAD ./Core/Src/system_stm32g4xx.o
LOAD ./Core/Src/usart.o
LOAD ./Core/Startup/startup_stm32g491kcux.o
LOAD ./Drivers/Platform/platform.o
LOAD ./Drivers/STM32G4xx_HAL_Driver/Src/stm32g4xx_hal.o
LOAD ./Drivers/STM32G4xx_HAL_Driver/Src/stm32g4xx_hal_cortex.o
LOAD ./Drivers/STM32G4xx_HAL_Driver/Src/stm32g4xx_hal_dma.o
LOAD ./Drivers/STM32G4xx_HAL_Driver/Src/stm32g4xx_hal_dma_ex.o
LOAD ./Drivers/STM32G4xx_HAL_Driver/Src/stm32g4xx_hal_exti.o
LOAD ./Drivers/STM32G4xx_HAL_Driver/Src/stm32g4xx_hal_fdcan.o
LOAD ./Drivers/STM32G4xx_HAL_Driver/Src/stm32g4xx_hal_flash.o
LOAD ./Drivers/STM32G4xx_HAL_Driver/Src/stm32g4xx_hal_flash_ex.o
LOAD ./Drivers/STM32G4xx_HAL_Driver/Src/stm32g4xx_hal_flash_ramfunc.o
LOAD ./Drivers/STM32G4xx_HAL_Driver/Src/stm32g4xx_hal_gpio.o
LOAD ./Drivers/STM32G4xx_HAL_Driver/Src/stm32g4xx_hal_i2c.o
LOAD ./Drivers/STM32G4xx_HAL_Driver/Src/stm32g4xx_hal_i2c_ex.o
LOAD ./Drivers/STM32G4xx_HAL_Driver/Src/stm32g4xx_hal_pwr.o
LOAD ./Drivers/STM32G4xx_HAL_Driver/Src/stm32g4xx_hal_pwr_ex.o
LOAD ./Drivers/STM32G4xx_HAL_Driver/Src/stm32g4xx_hal_rcc.o
LOAD ./Drivers/STM32G4xx_HAL_Driver/Src/stm32g4xx_hal_rcc_ex.o
LOAD ./Drivers/STM32G4xx_HAL_Driver/Src/stm32g4xx_hal_uart.o
LOAD ./Drivers/STM32G4xx_HAL_Driver/Src/stm32g4xx_hal_uart_ex.o
LOAD ./Drivers/VL53L4CD_ULD_Driver/VL53L4CD_api.o
LOAD ./Drivers/VL53L4CD_ULD_Driver/VL53L4CD_calibration.o
START GROUP
LOAD C:/ST/STM32CubeIDE_1.19.0/STM32CubeIDE/plugins/com.st.stm32cube.ide.mcu.externaltools.gnu-tools-for-stm32.13.3.rel1.win32_1.0.0.202411081344/tools/bin/../lib/gcc/arm-none-eabi/13.3.1/../../../../arm-none-eabi/lib/thumb/v7e-m+fp/hard\libstdc++_nano.a
LOAD C:/ST/STM32CubeIDE_1.19.0/STM32CubeIDE/plugins/com.st.stm32cube.ide.mcu.externaltools.gnu-tools-for-stm32.13.3.rel1.win32_1.0.0.202411081344/tools/bin/../lib/gcc/arm-none-eabi/13.3.1/../../../../arm-none-eabi/lib/thumb/v7e-m+fp/hard\libsupc++_nano.a
END GROUP
LOAD C:/ST/STM32CubeIDE_1.19.0/STM32CubeIDE/plugins/com.st.stm32cube.ide.mcu.externaltools.gnu-tools-for-stm32.13.3.rel1.win32_1.0.0.202411081344/tools/bin/../lib/gcc/arm-none-eabi/13.3.1/../../../../arm-none-eabi/lib/thumb/v7e-m+fp/hard\libstdc++_nano.a
LOAD C:/ST/STM32CubeIDE_1.19.0/STM32CubeIDE/plugins/com.st.stm32cube.ide.mcu.externaltools.gnu-tools-for-stm32.13.3.rel1.win32_1.0.0.202411081344/tools/bin/../lib/gcc/arm-none-eabi/13.3.1/../../../../arm-none-eabi/lib/thumb/v7e-m+fp/hard\libm.a
LOAD C:/ST/STM32CubeIDE_1.19.0/STM32CubeIDE/plugins/com.st.stm32cube.ide.mcu.externaltools.gnu-tools-for-stm32.13.3.rel1.win32_1.0.0.202411081344/tools/bin/../lib/gcc/arm-none-eabi/13.3.1/../../../../arm-none-eabi/lib/thumb/v7e-m+fp/hard\libc_nano.a
START GROUP
LOAD C:/ST/STM32CubeIDE_1.19.0/STM32CubeIDE/plugins/com.st.stm32cube.ide.mcu.externaltools.gnu-tools-for-stm32.13.3.rel1.win32_1.0.0.202411081344/tools/bin/../lib/gcc/arm-none-eabi/13.3.1/thumb/v7e-m+fp/hard\libgcc.a
LOAD C:/ST/STM32CubeIDE_1.19.0/STM32CubeIDE/plugins/com.st.stm32cube.ide.mcu.externaltools.gnu-tools-for-stm32.13.3.rel1.win32_1.0.0.202411081344/tools/bin/../lib/gcc/arm-none-eabi/13.3.1/../../../../arm-none-eabi/lib/thumb/v7e-m+fp/hard\libc_nano.a
END GROUP
START GROUP
LOAD C:/ST/STM32CubeIDE_1.19.0/STM32CubeIDE/plugins/com.st.stm32cube.ide.mcu.externaltools.gnu-tools-for-stm32.13.3.rel1.win32_1.0.0.202411081344/tools/bin/../lib/gcc/arm-none-eabi/13.3.1/thumb/v7e-m+fp/hard\libgcc.a
LOAD C:/ST/STM32CubeIDE_1.19.0/STM32CubeIDE/plugins/com.st.stm32cube.ide.mcu.externaltools.gnu-tools-for-stm32.13.3.rel1.win32_1.0.0.202411081344/tools/bin/../lib/gcc/arm-none-eabi/13.3.1/../../../../arm-none-eabi/lib/thumb/v7e-m+fp/hard\libc_nano.a
END GROUP
LOAD C:/ST/STM32CubeIDE_1.19.0/STM32CubeIDE/plugins/com.st.stm32cube.ide.mcu.externaltools.gnu-tools-for-stm32.13.3.rel1.win32_1.0.0.202411081344/tools/bin/../lib/gcc/arm-none-eabi/13.3.1/thumb/v7e-m+fp/hard/crtend.o
LOAD C:/ST/STM32CubeIDE_1.19.0/STM32CubeIDE/plugins/com.st.stm32cube.ide.mcu.externaltools.gnu-tools-for-stm32.13.3.rel1.win32_1.0.0.202411081344/tools/bin/../lib/gcc/arm-none-eabi/13.3.1/thumb/v7e-m+fp/hard/crtn.o
                0x2001c000                        _estack = (ORIGIN (RAM) + LENGTH (RAM))
                0x00000200                        _Min_Heap_Size = 0x200
                0x00000400                        _Min_Stack_Size = 0x400

.isr_vector     0x08000000      0x1d8
                0x08000000                        . = ALIGN (0x4)
 *(.isr_vector)
 .isr_vector    0x08000000      0x1d8 ./Core/Startup/startup_stm32g491kcux.o
                0x08000000                g_pfnVectors
                0x080001d8                        . = ALIGN (0x4)

.text           0x080001e0     0x5864
                0x080001e0                        . = ALIGN (0x4)
 *(.text)
 .text          0x080001e0       0x40 C:/ST/STM32CubeIDE_1.19.0/STM32CubeIDE/plugins/com.st.stm32cube.ide.mcu.externaltools.gnu-tools-for-stm32.13.3.rel1.win32_1.0.0.202411081344/tools/bin/../lib/gcc/arm-none-eabi/13.3.1/thumb/v7e-m+fp/hard/crtbegin.o
 .text          0x08000220       0xa0 C:/ST/STM32CubeIDE_1.19.0/STM32CubeIDE/plugins/com.st.stm32cube.ide.mcu.externaltools.gnu-tools-for-stm32.13.3.rel1.win32_1.0.0.202411081344/tools/bin/../lib/gcc/arm-none-eabi/13.3.1/../../../../arm-none-eabi/lib/thumb/v7e-m+fp/hard\libc_nano.a(libc_a-memchr.o)
                0x08000220                memchr
 .text          0x080002c0       0x30 C:/ST/STM32CubeIDE_1.19.0/STM32CubeIDE/plugins/com.st.stm32cube.ide.mcu.externaltools.gnu-tools-for-stm32.13.3.rel1.win32_1.0.0.202411081344/tools/bin/../lib/gcc/arm-none-eabi/13.3.1/thumb/v7e-m+fp/hard\libgcc.a(_aeabi_uldivmod.o)
                0x080002c0                __aeabi_uldivmod
 .text          0x080002f0      0x2f8 C:/ST/STM32CubeIDE_1.19.0/STM32CubeIDE/plugins/com.st.stm32cube.ide.mcu.externaltools.gnu-tools-for-stm32.13.3.rel1.win32_1.0.0.202411081344/tools/bin/../lib/gcc/arm-none-eabi/13.3.1/thumb/v7e-m+fp/hard\libgcc.a(_udivmoddi4.o)
                0x080002f0                __udivmoddi4
 .text          0x080005e8        0x4 C:/ST/STM32CubeIDE_1.19.0/STM32CubeIDE/plugins/com.st.stm32cube.ide.mcu.externaltools.gnu-tools-for-stm32.13.3.rel1.win32_1.0.0.202411081344/tools/bin/../lib/gcc/arm-none-eabi/13.3.1/thumb/v7e-m+fp/hard\libgcc.a(_dvmd_tls.o)
                0x080005e8                __aeabi_idiv0
                0x080005e8                __aeabi_ldiv0
 *(.text*)
 .text.initializeCAN
                0x080005ec       0x58 ./Core/Src/BoardManager.o
                0x080005ec                initializeCAN
 .text.get_data_it
                0x08000644       0x40 ./Core/Src/BoardManager.o
                0x08000644                get_data_it
 .text._ZN9CANDriverC2EP19FDCAN_HandleTypeDefmm
                0x08000684       0x5e ./Core/Src/CANDriver.o
                0x08000684                CANDriver::CANDriver(FDCAN_HandleTypeDef*, unsigned long, unsigned long)
                0x08000684                CANDriver::CANDriver(FDCAN_HandleTypeDef*, unsigned long, unsigned long)
 *fill*         0x080006e2        0x2 
 .text._ZN9CANDriver10initializeEv
                0x080006e4       0xc8 ./Core/Src/CANDriver.o
                0x080006e4                CANDriver::initialize()
 .text._ZN9CANDriver21configureTransmissionEv
                0x080007ac       0x48 ./Core/Src/CANDriver.o
                0x080007ac                CANDriver::configureTransmission()
 .text._ZN10CANMessageC2Ev
                0x080007f4       0x22 ./Core/Src/CANMessage.o
                0x080007f4                CANMessage::CANMessage()
                0x080007f4                CANMessage::CANMessage()
 *fill*         0x08000816        0x2 
 .text.CAN_create
                0x08000818       0x60 ./Core/Src/CAN_driver_wrapper.o
                0x08000818                CAN_create
 .text.CAN_initialize
                0x08000878       0x24 ./Core/Src/CAN_driver_wrapper.o
                0x08000878                CAN_initialize
 .text.CAN_configureTransmission
                0x0800089c       0x24 ./Core/Src/CAN_driver_wrapper.o
                0x0800089c                CAN_configureTransmission
 .text.MX_FDCAN1_Init
                0x080008c0       0x8c ./Core/Src/fdcan.o
                0x080008c0                MX_FDCAN1_Init
 .text.HAL_FDCAN_MspInit
                0x0800094c       0xb4 ./Core/Src/fdcan.o
                0x0800094c                HAL_FDCAN_MspInit
 .text.MX_GPIO_Init
                0x08000a00       0x80 ./Core/Src/gpio.o
                0x08000a00                MX_GPIO_Init
 .text.HAL_GPIO_EXTI_Callback
                0x08000a80       0x28 ./Core/Src/gpio.o
                0x08000a80                HAL_GPIO_EXTI_Callback
 .text.MX_I2C2_Init
                0x08000aa8       0x80 ./Core/Src/i2c.o
                0x08000aa8                MX_I2C2_Init
 .text.HAL_I2C_MspInit
                0x08000b28       0xc0 ./Core/Src/i2c.o
                0x08000b28                HAL_I2C_MspInit
 .text.main     0x08000be8       0x58 ./Core/Src/main.o
                0x08000be8                main
 .text.SystemClock_Config
                0x08000c40       0x80 ./Core/Src/main.o
                0x08000c40                SystemClock_Config
 .text.Error_Handler
                0x08000cc0        0xc ./Core/Src/main.o
                0x08000cc0                Error_Handler
 .text.HAL_MspInit
                0x08000ccc       0x48 ./Core/Src/stm32g4xx_hal_msp.o
                0x08000ccc                HAL_MspInit
 .text.NMI_Handler
                0x08000d14        0x8 ./Core/Src/stm32g4xx_it.o
                0x08000d14                NMI_Handler
 .text.HardFault_Handler
                0x08000d1c        0x8 ./Core/Src/stm32g4xx_it.o
                0x08000d1c                HardFault_Handler
 .text.MemManage_Handler
                0x08000d24        0x8 ./Core/Src/stm32g4xx_it.o
                0x08000d24                MemManage_Handler
 .text.BusFault_Handler
                0x08000d2c        0x8 ./Core/Src/stm32g4xx_it.o
                0x08000d2c                BusFault_Handler
 .text.UsageFault_Handler
                0x08000d34        0x8 ./Core/Src/stm32g4xx_it.o
                0x08000d34                UsageFault_Handler
 .text.SVC_Handler
                0x08000d3c        0xe ./Core/Src/stm32g4xx_it.o
                0x08000d3c                SVC_Handler
 .text.DebugMon_Handler
                0x08000d4a        0xe ./Core/Src/stm32g4xx_it.o
                0x08000d4a                DebugMon_Handler
 .text.PendSV_Handler
                0x08000d58        0xe ./Core/Src/stm32g4xx_it.o
                0x08000d58                PendSV_Handler
 .text.SysTick_Handler
                0x08000d66        0xc ./Core/Src/stm32g4xx_it.o
                0x08000d66                SysTick_Handler
 .text.EXTI4_IRQHandler
                0x08000d72        0xe ./Core/Src/stm32g4xx_it.o
                0x08000d72                EXTI4_IRQHandler
 .text.I2C2_EV_IRQHandler
                0x08000d80       0x14 ./Core/Src/stm32g4xx_it.o
                0x08000d80                I2C2_EV_IRQHandler
 .text._read    0x08000d94       0x3a ./Core/Src/syscalls.o
                0x08000d94                _read
 .text._close   0x08000dce       0x18 ./Core/Src/syscalls.o
                0x08000dce                _close
 .text._fstat   0x08000de6       0x20 ./Core/Src/syscalls.o
                0x08000de6                _fstat
 .text._isatty  0x08000e06       0x16 ./Core/Src/syscalls.o
                0x08000e06                _isatty
 .text._lseek   0x08000e1c       0x1a ./Core/Src/syscalls.o
                0x08000e1c                _lseek
 *fill*         0x08000e36        0x2 
 .text._write   0x08000e38       0x28 ./Core/Src/syscalls.o
                0x08000e38                _write
 .text._sbrk    0x08000e60       0x6c ./Core/Src/sysmem.o
                0x08000e60                _sbrk
 .text.SystemInit
                0x08000ecc       0x24 ./Core/Src/system_stm32g4xx.o
                0x08000ecc                SystemInit
 .text.MX_USART1_UART_Init
                0x08000ef0       0x98 ./Core/Src/usart.o
                0x08000ef0                MX_USART1_UART_Init
 .text.HAL_UART_MspInit
                0x08000f88       0xb0 ./Core/Src/usart.o
                0x08000f88                HAL_UART_MspInit
 .text.Reset_Handler
                0x08001038       0x50 ./Core/Startup/startup_stm32g491kcux.o
                0x08001038                Reset_Handler
 .text.Default_Handler
                0x08001088        0x2 ./Core/Startup/startup_stm32g491kcux.o
                0x08001088                RTC_Alarm_IRQHandler
                0x08001088                EXTI2_IRQHandler
                0x08001088                TIM8_TRG_COM_IRQHandler
                0x08001088                TIM8_CC_IRQHandler
                0x08001088                TIM1_CC_IRQHandler
                0x08001088                USB_HP_IRQHandler
                0x08001088                CORDIC_IRQHandler
                0x08001088                DMA2_Channel8_IRQHandler
                0x08001088                EXTI3_IRQHandler
                0x08001088                I2C3_ER_IRQHandler
                0x08001088                EXTI0_IRQHandler
                0x08001088                FPU_IRQHandler
                0x08001088                FDCAN1_IT1_IRQHandler
                0x08001088                TIM1_UP_TIM16_IRQHandler
                0x08001088                ADC1_2_IRQHandler
                0x08001088                SPI1_IRQHandler
                0x08001088                TIM6_DAC_IRQHandler
                0x08001088                TIM8_UP_IRQHandler
                0x08001088                DMA2_Channel2_IRQHandler
                0x08001088                DMA1_Channel4_IRQHandler
                0x08001088                TIM20_TRG_COM_IRQHandler
                0x08001088                USART3_IRQHandler
                0x08001088                DMA1_Channel7_IRQHandler
                0x08001088                UART5_IRQHandler
                0x08001088                ADC3_IRQHandler
                0x08001088                TIM4_IRQHandler
                0x08001088                DMA2_Channel1_IRQHandler
                0x08001088                QUADSPI_IRQHandler
                0x08001088                I2C1_EV_IRQHandler
                0x08001088                DMA1_Channel6_IRQHandler
                0x08001088                UART4_IRQHandler
                0x08001088                DMA2_Channel4_IRQHandler
                0x08001088                TIM3_IRQHandler
                0x08001088                RCC_IRQHandler
                0x08001088                TIM20_UP_IRQHandler
                0x08001088                DMA1_Channel1_IRQHandler
                0x08001088                Default_Handler
                0x08001088                DMA2_Channel7_IRQHandler
                0x08001088                RTC_TAMP_LSECSS_IRQHandler
                0x08001088                FMAC_IRQHandler
                0x08001088                EXTI15_10_IRQHandler
                0x08001088                DMA1_Channel8_IRQHandler
                0x08001088                TIM7_IRQHandler
                0x08001088                UCPD1_IRQHandler
                0x08001088                I2C3_EV_IRQHandler
                0x08001088                EXTI9_5_IRQHandler
                0x08001088                RTC_WKUP_IRQHandler
                0x08001088                PVD_PVM_IRQHandler
                0x08001088                SPI2_IRQHandler
                0x08001088                DMA2_Channel5_IRQHandler
                0x08001088                CRS_IRQHandler
                0x08001088                DMA1_Channel5_IRQHandler
                0x08001088                USB_LP_IRQHandler
                0x08001088                RNG_IRQHandler
                0x08001088                TIM1_TRG_COM_TIM17_IRQHandler
                0x08001088                FDCAN2_IT1_IRQHandler
                0x08001088                DMA1_Channel3_IRQHandler
                0x08001088                WWDG_IRQHandler
                0x08001088                FDCAN2_IT0_IRQHandler
                0x08001088                LPUART1_IRQHandler
                0x08001088                DMA2_Channel6_IRQHandler
                0x08001088                FDCAN1_IT0_IRQHandler
                0x08001088                TIM2_IRQHandler
                0x08001088                COMP1_2_3_IRQHandler
                0x08001088                EXTI1_IRQHandler
                0x08001088                USART2_IRQHandler
                0x08001088                TIM20_BRK_IRQHandler
                0x08001088                I2C2_ER_IRQHandler
                0x08001088                DMA1_Channel2_IRQHandler
                0x08001088                TIM8_BRK_IRQHandler
                0x08001088                FLASH_IRQHandler
                0x08001088                TIM20_CC_IRQHandler
                0x08001088                USART1_IRQHandler
                0x08001088                SPI3_IRQHandler
                0x08001088                I2C1_ER_IRQHandler
                0x08001088                LPTIM1_IRQHandler
                0x08001088                DMAMUX_OVR_IRQHandler
                0x08001088                USBWakeUp_IRQHandler
                0x08001088                SAI1_IRQHandler
                0x08001088                DMA2_Channel3_IRQHandler
                0x08001088                COMP4_IRQHandler
                0x08001088                TIM1_BRK_TIM15_IRQHandler
 *fill*         0x0800108a        0x2 
 .text.VL53L4CD_RdWord
                0x0800108c       0x48 ./Drivers/Platform/platform.o
                0x0800108c                VL53L4CD_RdWord
 .text.VL53L4CD_RdByte
                0x080010d4       0x48 ./Drivers/Platform/platform.o
                0x080010d4                VL53L4CD_RdByte
 .text.VL53L4CD_WrByte
                0x0800111c       0x4c ./Drivers/Platform/platform.o
                0x0800111c                VL53L4CD_WrByte
 .text.HAL_Init
                0x08001168       0x30 ./Drivers/STM32G4xx_HAL_Driver/Src/stm32g4xx_hal.o
                0x08001168                HAL_Init
 .text.HAL_InitTick
                0x08001198       0x74 ./Drivers/STM32G4xx_HAL_Driver/Src/stm32g4xx_hal.o
                0x08001198                HAL_InitTick
 .text.HAL_IncTick
                0x0800120c       0x24 ./Drivers/STM32G4xx_HAL_Driver/Src/stm32g4xx_hal.o
                0x0800120c                HAL_IncTick
 .text.HAL_GetTick
                0x08001230       0x18 ./Drivers/STM32G4xx_HAL_Driver/Src/stm32g4xx_hal.o
                0x08001230                HAL_GetTick
 .text.HAL_Delay
                0x08001248       0x44 ./Drivers/STM32G4xx_HAL_Driver/Src/stm32g4xx_hal.o
                0x08001248                HAL_Delay
 .text.__NVIC_SetPriorityGrouping
                0x0800128c       0x48 ./Drivers/STM32G4xx_HAL_Driver/Src/stm32g4xx_hal_cortex.o
 .text.__NVIC_GetPriorityGrouping
                0x080012d4       0x1c ./Drivers/STM32G4xx_HAL_Driver/Src/stm32g4xx_hal_cortex.o
 .text.__NVIC_EnableIRQ
                0x080012f0       0x3c ./Drivers/STM32G4xx_HAL_Driver/Src/stm32g4xx_hal_cortex.o
 .text.__NVIC_SetPriority
                0x0800132c       0x54 ./Drivers/STM32G4xx_HAL_Driver/Src/stm32g4xx_hal_cortex.o
 .text.NVIC_EncodePriority
                0x08001380       0x66 ./Drivers/STM32G4xx_HAL_Driver/Src/stm32g4xx_hal_cortex.o
 *fill*         0x080013e6        0x2 
 .text.SysTick_Config
                0x080013e8       0x44 ./Drivers/STM32G4xx_HAL_Driver/Src/stm32g4xx_hal_cortex.o
 .text.HAL_NVIC_SetPriorityGrouping
                0x0800142c       0x16 ./Drivers/STM32G4xx_HAL_Driver/Src/stm32g4xx_hal_cortex.o
                0x0800142c                HAL_NVIC_SetPriorityGrouping
 .text.HAL_NVIC_SetPriority
                0x08001442       0x34 ./Drivers/STM32G4xx_HAL_Driver/Src/stm32g4xx_hal_cortex.o
                0x08001442                HAL_NVIC_SetPriority
 .text.HAL_NVIC_EnableIRQ
                0x08001476       0x1c ./Drivers/STM32G4xx_HAL_Driver/Src/stm32g4xx_hal_cortex.o
                0x08001476                HAL_NVIC_EnableIRQ
 .text.HAL_SYSTICK_Config
                0x08001492       0x18 ./Drivers/STM32G4xx_HAL_Driver/Src/stm32g4xx_hal_cortex.o
                0x08001492                HAL_SYSTICK_Config
 *fill*         0x080014aa        0x2 
 .text.HAL_FDCAN_Init
                0x080014ac      0x2b4 ./Drivers/STM32G4xx_HAL_Driver/Src/stm32g4xx_hal_fdcan.o
                0x080014ac                HAL_FDCAN_Init
 .text.HAL_FDCAN_ConfigFilter
                0x08001760       0xb4 ./Drivers/STM32G4xx_HAL_Driver/Src/stm32g4xx_hal_fdcan.o
                0x08001760                HAL_FDCAN_ConfigFilter
 .text.HAL_FDCAN_ConfigGlobalFilter
                0x08001814       0x62 ./Drivers/STM32G4xx_HAL_Driver/Src/stm32g4xx_hal_fdcan.o
                0x08001814                HAL_FDCAN_ConfigGlobalFilter
 .text.HAL_FDCAN_Start
                0x08001876       0x50 ./Drivers/STM32G4xx_HAL_Driver/Src/stm32g4xx_hal_fdcan.o
                0x08001876                HAL_FDCAN_Start
 .text.HAL_FDCAN_ActivateNotification
                0x080018c6      0x1cc ./Drivers/STM32G4xx_HAL_Driver/Src/stm32g4xx_hal_fdcan.o
                0x080018c6                HAL_FDCAN_ActivateNotification
 *fill*         0x08001a92        0x2 
 .text.FDCAN_CalcultateRamBlockAddresses
                0x08001a94       0xc4 ./Drivers/STM32G4xx_HAL_Driver/Src/stm32g4xx_hal_fdcan.o
 .text.HAL_GPIO_Init
                0x08001b58      0x318 ./Drivers/STM32G4xx_HAL_Driver/Src/stm32g4xx_hal_gpio.o
                0x08001b58                HAL_GPIO_Init
 .text.HAL_GPIO_EXTI_IRQHandler
                0x08001e70       0x30 ./Drivers/STM32G4xx_HAL_Driver/Src/stm32g4xx_hal_gpio.o
                0x08001e70                HAL_GPIO_EXTI_IRQHandler
 .text.HAL_I2C_Init
                0x08001ea0      0x136 ./Drivers/STM32G4xx_HAL_Driver/Src/stm32g4xx_hal_i2c.o
                0x08001ea0                HAL_I2C_Init
 *fill*         0x08001fd6        0x2 
 .text.HAL_I2C_Mem_Write
                0x08001fd8      0x228 ./Drivers/STM32G4xx_HAL_Driver/Src/stm32g4xx_hal_i2c.o
                0x08001fd8                HAL_I2C_Mem_Write
 .text.HAL_I2C_Mem_Read
                0x08002200      0x234 ./Drivers/STM32G4xx_HAL_Driver/Src/stm32g4xx_hal_i2c.o
                0x08002200                HAL_I2C_Mem_Read
 .text.HAL_I2C_EV_IRQHandler
                0x08002434       0x34 ./Drivers/STM32G4xx_HAL_Driver/Src/stm32g4xx_hal_i2c.o
                0x08002434                HAL_I2C_EV_IRQHandler
 .text.I2C_RequestMemoryWrite
                0x08002468       0xa8 ./Drivers/STM32G4xx_HAL_Driver/Src/stm32g4xx_hal_i2c.o
 .text.I2C_RequestMemoryRead
                0x08002510       0xa8 ./Drivers/STM32G4xx_HAL_Driver/Src/stm32g4xx_hal_i2c.o
 .text.I2C_Flush_TXDR
                0x080025b8       0x48 ./Drivers/STM32G4xx_HAL_Driver/Src/stm32g4xx_hal_i2c.o
 .text.I2C_WaitOnFlagUntilTimeout
                0x08002600       0xb2 ./Drivers/STM32G4xx_HAL_Driver/Src/stm32g4xx_hal_i2c.o
 .text.I2C_WaitOnTXISFlagUntilTimeout
                0x080026b2       0x8e ./Drivers/STM32G4xx_HAL_Driver/Src/stm32g4xx_hal_i2c.o
 .text.I2C_WaitOnSTOPFlagUntilTimeout
                0x08002740       0x86 ./Drivers/STM32G4xx_HAL_Driver/Src/stm32g4xx_hal_i2c.o
 *fill*         0x080027c6        0x2 
 .text.I2C_IsErrorOccurred
                0x080027c8      0x1c0 ./Drivers/STM32G4xx_HAL_Driver/Src/stm32g4xx_hal_i2c.o
 .text.I2C_TransferConfig
                0x08002988       0x64 ./Drivers/STM32G4xx_HAL_Driver/Src/stm32g4xx_hal_i2c.o
 .text.HAL_I2CEx_ConfigAnalogFilter
                0x080029ec       0x96 ./Drivers/STM32G4xx_HAL_Driver/Src/stm32g4xx_hal_i2c_ex.o
                0x080029ec                HAL_I2CEx_ConfigAnalogFilter
 .text.HAL_I2CEx_ConfigDigitalFilter
                0x08002a82       0x98 ./Drivers/STM32G4xx_HAL_Driver/Src/stm32g4xx_hal_i2c_ex.o
                0x08002a82                HAL_I2CEx_ConfigDigitalFilter
 *fill*         0x08002b1a        0x2 
 .text.HAL_PWREx_ControlVoltageScaling
                0x08002b1c      0x148 ./Drivers/STM32G4xx_HAL_Driver/Src/stm32g4xx_hal_pwr_ex.o
                0x08002b1c                HAL_PWREx_ControlVoltageScaling
 .text.HAL_PWREx_DisableUCPDDeadBattery
                0x08002c64       0x20 ./Drivers/STM32G4xx_HAL_Driver/Src/stm32g4xx_hal_pwr_ex.o
                0x08002c64                HAL_PWREx_DisableUCPDDeadBattery
 .text.HAL_RCC_OscConfig
                0x08002c84      0x624 ./Drivers/STM32G4xx_HAL_Driver/Src/stm32g4xx_hal_rcc.o
                0x08002c84                HAL_RCC_OscConfig
 .text.HAL_RCC_ClockConfig
                0x080032a8      0x278 ./Drivers/STM32G4xx_HAL_Driver/Src/stm32g4xx_hal_rcc.o
                0x080032a8                HAL_RCC_ClockConfig
 .text.HAL_RCC_GetSysClockFreq
                0x08003520       0xc4 ./Drivers/STM32G4xx_HAL_Driver/Src/stm32g4xx_hal_rcc.o
                0x08003520                HAL_RCC_GetSysClockFreq
 .text.HAL_RCC_GetHCLKFreq
                0x080035e4       0x18 ./Drivers/STM32G4xx_HAL_Driver/Src/stm32g4xx_hal_rcc.o
                0x080035e4                HAL_RCC_GetHCLKFreq
 .text.HAL_RCC_GetPCLK1Freq
                0x080035fc       0x2c ./Drivers/STM32G4xx_HAL_Driver/Src/stm32g4xx_hal_rcc.o
                0x080035fc                HAL_RCC_GetPCLK1Freq
 .text.HAL_RCC_GetPCLK2Freq
                0x08003628       0x2c ./Drivers/STM32G4xx_HAL_Driver/Src/stm32g4xx_hal_rcc.o
                0x08003628                HAL_RCC_GetPCLK2Freq
 .text.RCC_GetSysClockFreqFromPLLSource
                0x08003654       0x8c ./Drivers/STM32G4xx_HAL_Driver/Src/stm32g4xx_hal_rcc.o
 .text.HAL_RCCEx_PeriphCLKConfig
                0x080036e0      0x478 ./Drivers/STM32G4xx_HAL_Driver/Src/stm32g4xx_hal_rcc_ex.o
                0x080036e0                HAL_RCCEx_PeriphCLKConfig
 .text.HAL_UART_Init
                0x08003b58       0xa0 ./Drivers/STM32G4xx_HAL_Driver/Src/stm32g4xx_hal_uart.o
                0x08003b58                HAL_UART_Init
 .text.HAL_UART_Transmit
                0x08003bf8      0x132 ./Drivers/STM32G4xx_HAL_Driver/Src/stm32g4xx_hal_uart.o
                0x08003bf8                HAL_UART_Transmit
 *fill*         0x08003d2a        0x2 
 .text.UART_SetConfig
                0x08003d2c      0x5f8 ./Drivers/STM32G4xx_HAL_Driver/Src/stm32g4xx_hal_uart.o
                0x08003d2c                UART_SetConfig
 .text.UART_AdvFeatureConfig
                0x08004324      0x144 ./Drivers/STM32G4xx_HAL_Driver/Src/stm32g4xx_hal_uart.o
                0x08004324                UART_AdvFeatureConfig
 .text.UART_CheckIdleState
                0x08004468      0x154 ./Drivers/STM32G4xx_HAL_Driver/Src/stm32g4xx_hal_uart.o
                0x08004468                UART_CheckIdleState
 .text.UART_WaitOnFlagUntilTimeout
                0x080045bc       0xda ./Drivers/STM32G4xx_HAL_Driver/Src/stm32g4xx_hal_uart.o
                0x080045bc                UART_WaitOnFlagUntilTimeout
 .text.UART_EndRxTransfer
                0x08004696       0xcc ./Drivers/STM32G4xx_HAL_Driver/Src/stm32g4xx_hal_uart.o
 .text.HAL_UARTEx_DisableFifoMode
                0x08004762       0x72 ./Drivers/STM32G4xx_HAL_Driver/Src/stm32g4xx_hal_uart_ex.o
                0x08004762                HAL_UARTEx_DisableFifoMode
 .text.HAL_UARTEx_SetTxFifoThreshold
                0x080047d4       0x7c ./Drivers/STM32G4xx_HAL_Driver/Src/stm32g4xx_hal_uart_ex.o
                0x080047d4                HAL_UARTEx_SetTxFifoThreshold
 .text.HAL_UARTEx_SetRxFifoThreshold
                0x08004850       0x7c ./Drivers/STM32G4xx_HAL_Driver/Src/stm32g4xx_hal_uart_ex.o
                0x08004850                HAL_UARTEx_SetRxFifoThreshold
 .text.UARTEx_SetNbDataToProcess
                0x080048cc       0x9c ./Drivers/STM32G4xx_HAL_Driver/Src/stm32g4xx_hal_uart_ex.o
 .text.VL53L4CD_ClearInterrupt
                0x08004968       0x2e ./Drivers/VL53L4CD_ULD_Driver/VL53L4CD_api.o
                0x08004968                VL53L4CD_ClearInterrupt
 *fill*         0x08004996        0x2 
 .text.VL53L4CD_GetResult
                0x08004998      0x15c ./Drivers/VL53L4CD_ULD_Driver/VL53L4CD_api.o
                0x08004998                VL53L4CD_GetResult
 .text.__cxa_guard_acquire
                0x08004af4       0x18 C:/ST/STM32CubeIDE_1.19.0/STM32CubeIDE/plugins/com.st.stm32cube.ide.mcu.externaltools.gnu-tools-for-stm32.13.3.rel1.win32_1.0.0.202411081344/tools/bin/../lib/gcc/arm-none-eabi/13.3.1/../../../../arm-none-eabi/lib/thumb/v7e-m+fp/hard\libstdc++_nano.a(guard.o)
                0x08004af4                __cxa_guard_acquire
 .text.__cxa_guard_release
                0x08004b0c        0x6 C:/ST/STM32CubeIDE_1.19.0/STM32CubeIDE/plugins/com.st.stm32cube.ide.mcu.externaltools.gnu-tools-for-stm32.13.3.rel1.win32_1.0.0.202411081344/tools/bin/../lib/gcc/arm-none-eabi/13.3.1/../../../../arm-none-eabi/lib/thumb/v7e-m+fp/hard\libstdc++_nano.a(guard.o)
                0x08004b0c                __cxa_guard_release
 *fill*         0x08004b12        0x2 
 .text.std      0x08004b14       0x6c C:/ST/STM32CubeIDE_1.19.0/STM32CubeIDE/plugins/com.st.stm32cube.ide.mcu.externaltools.gnu-tools-for-stm32.13.3.rel1.win32_1.0.0.202411081344/tools/bin/../lib/gcc/arm-none-eabi/13.3.1/../../../../arm-none-eabi/lib/thumb/v7e-m+fp/hard\libc_nano.a(libc_a-findfp.o)
 .text.stdio_exit_handler
                0x08004b80       0x18 C:/ST/STM32CubeIDE_1.19.0/STM32CubeIDE/plugins/com.st.stm32cube.ide.mcu.externaltools.gnu-tools-for-stm32.13.3.rel1.win32_1.0.0.202411081344/tools/bin/../lib/gcc/arm-none-eabi/13.3.1/../../../../arm-none-eabi/lib/thumb/v7e-m+fp/hard\libc_nano.a(libc_a-findfp.o)
 .text.cleanup_stdio
                0x08004b98       0x40 C:/ST/STM32CubeIDE_1.19.0/STM32CubeIDE/plugins/com.st.stm32cube.ide.mcu.externaltools.gnu-tools-for-stm32.13.3.rel1.win32_1.0.0.202411081344/tools/bin/../lib/gcc/arm-none-eabi/13.3.1/../../../../arm-none-eabi/lib/thumb/v7e-m+fp/hard\libc_nano.a(libc_a-findfp.o)
 .text.global_stdio_init.part.0
                0x08004bd8       0x3c C:/ST/STM32CubeIDE_1.19.0/STM32CubeIDE/plugins/com.st.stm32cube.ide.mcu.externaltools.gnu-tools-for-stm32.13.3.rel1.win32_1.0.0.202411081344/tools/bin/../lib/gcc/arm-none-eabi/13.3.1/../../../../arm-none-eabi/lib/thumb/v7e-m+fp/hard\libc_nano.a(libc_a-findfp.o)
 .text.__sfp_lock_acquire
                0x08004c14        0xc C:/ST/STM32CubeIDE_1.19.0/STM32CubeIDE/plugins/com.st.stm32cube.ide.mcu.externaltools.gnu-tools-for-stm32.13.3.rel1.win32_1.0.0.202411081344/tools/bin/../lib/gcc/arm-none-eabi/13.3.1/../../../../arm-none-eabi/lib/thumb/v7e-m+fp/hard\libc_nano.a(libc_a-findfp.o)
                0x08004c14                __sfp_lock_acquire
 .text.__sfp_lock_release
                0x08004c20        0xc C:/ST/STM32CubeIDE_1.19.0/STM32CubeIDE/plugins/com.st.stm32cube.ide.mcu.externaltools.gnu-tools-for-stm32.13.3.rel1.win32_1.0.0.202411081344/tools/bin/../lib/gcc/arm-none-eabi/13.3.1/../../../../arm-none-eabi/lib/thumb/v7e-m+fp/hard\libc_nano.a(libc_a-findfp.o)
                0x08004c20                __sfp_lock_release
 .text.__sinit  0x08004c2c       0x30 C:/ST/STM32CubeIDE_1.19.0/STM32CubeIDE/plugins/com.st.stm32cube.ide.mcu.externaltools.gnu-tools-for-stm32.13.3.rel1.win32_1.0.0.202411081344/tools/bin/../lib/gcc/arm-none-eabi/13.3.1/../../../../arm-none-eabi/lib/thumb/v7e-m+fp/hard\libc_nano.a(libc_a-findfp.o)
                0x08004c2c                __sinit
 .text._fwalk_sglue
                0x08004c5c       0x3c C:/ST/STM32CubeIDE_1.19.0/STM32CubeIDE/plugins/com.st.stm32cube.ide.mcu.externaltools.gnu-tools-for-stm32.13.3.rel1.win32_1.0.0.202411081344/tools/bin/../lib/gcc/arm-none-eabi/13.3.1/../../../../arm-none-eabi/lib/thumb/v7e-m+fp/hard\libc_nano.a(libc_a-fwalk.o)
                0x08004c5c                _fwalk_sglue
 .text.printf   0x08004c98       0x24 C:/ST/STM32CubeIDE_1.19.0/STM32CubeIDE/plugins/com.st.stm32cube.ide.mcu.externaltools.gnu-tools-for-stm32.13.3.rel1.win32_1.0.0.202411081344/tools/bin/../lib/gcc/arm-none-eabi/13.3.1/../../../../arm-none-eabi/lib/thumb/v7e-m+fp/hard\libc_nano.a(libc_a-printf.o)
                0x08004c98                iprintf
                0x08004c98                printf
 .text._puts_r  0x08004cbc       0xaa C:/ST/STM32CubeIDE_1.19.0/STM32CubeIDE/plugins/com.st.stm32cube.ide.mcu.externaltools.gnu-tools-for-stm32.13.3.rel1.win32_1.0.0.202411081344/tools/bin/../lib/gcc/arm-none-eabi/13.3.1/../../../../arm-none-eabi/lib/thumb/v7e-m+fp/hard\libc_nano.a(libc_a-puts.o)
                0x08004cbc                _puts_r
 *fill*         0x08004d66        0x2 
 .text.puts     0x08004d68       0x10 C:/ST/STM32CubeIDE_1.19.0/STM32CubeIDE/plugins/com.st.stm32cube.ide.mcu.externaltools.gnu-tools-for-stm32.13.3.rel1.win32_1.0.0.202411081344/tools/bin/../lib/gcc/arm-none-eabi/13.3.1/../../../../arm-none-eabi/lib/thumb/v7e-m+fp/hard\libc_nano.a(libc_a-puts.o)
                0x08004d68                puts
 .text.__sread  0x08004d78       0x22 C:/ST/STM32CubeIDE_1.19.0/STM32CubeIDE/plugins/com.st.stm32cube.ide.mcu.externaltools.gnu-tools-for-stm32.13.3.rel1.win32_1.0.0.202411081344/tools/bin/../lib/gcc/arm-none-eabi/13.3.1/../../../../arm-none-eabi/lib/thumb/v7e-m+fp/hard\libc_nano.a(libc_a-stdio.o)
                0x08004d78                __sread
 .text.__swrite
                0x08004d9a       0x38 C:/ST/STM32CubeIDE_1.19.0/STM32CubeIDE/plugins/com.st.stm32cube.ide.mcu.externaltools.gnu-tools-for-stm32.13.3.rel1.win32_1.0.0.202411081344/tools/bin/../lib/gcc/arm-none-eabi/13.3.1/../../../../arm-none-eabi/lib/thumb/v7e-m+fp/hard\libc_nano.a(libc_a-stdio.o)
                0x08004d9a                __swrite
 .text.__sseek  0x08004dd2       0x24 C:/ST/STM32CubeIDE_1.19.0/STM32CubeIDE/plugins/com.st.stm32cube.ide.mcu.externaltools.gnu-tools-for-stm32.13.3.rel1.win32_1.0.0.202411081344/tools/bin/../lib/gcc/arm-none-eabi/13.3.1/../../../../arm-none-eabi/lib/thumb/v7e-m+fp/hard\libc_nano.a(libc_a-stdio.o)
                0x08004dd2                __sseek
 .text.__sclose
                0x08004df6        0x8 C:/ST/STM32CubeIDE_1.19.0/STM32CubeIDE/plugins/com.st.stm32cube.ide.mcu.externaltools.gnu-tools-for-stm32.13.3.rel1.win32_1.0.0.202411081344/tools/bin/../lib/gcc/arm-none-eabi/13.3.1/../../../../arm-none-eabi/lib/thumb/v7e-m+fp/hard\libc_nano.a(libc_a-stdio.o)
                0x08004df6                __sclose
 .text.__swbuf_r
                0x08004dfe       0x7c C:/ST/STM32CubeIDE_1.19.0/STM32CubeIDE/plugins/com.st.stm32cube.ide.mcu.externaltools.gnu-tools-for-stm32.13.3.rel1.win32_1.0.0.202411081344/tools/bin/../lib/gcc/arm-none-eabi/13.3.1/../../../../arm-none-eabi/lib/thumb/v7e-m+fp/hard\libc_nano.a(libc_a-wbuf.o)
                0x08004dfe                __swbuf_r
 *fill*         0x08004e7a        0x2 
 .text.__swsetup_r
                0x08004e7c       0xac C:/ST/STM32CubeIDE_1.19.0/STM32CubeIDE/plugins/com.st.stm32cube.ide.mcu.externaltools.gnu-tools-for-stm32.13.3.rel1.win32_1.0.0.202411081344/tools/bin/../lib/gcc/arm-none-eabi/13.3.1/../../../../arm-none-eabi/lib/thumb/v7e-m+fp/hard\libc_nano.a(libc_a-wsetup.o)
                0x08004e7c                __swsetup_r
 .text.memset   0x08004f28       0x10 C:/ST/STM32CubeIDE_1.19.0/STM32CubeIDE/plugins/com.st.stm32cube.ide.mcu.externaltools.gnu-tools-for-stm32.13.3.rel1.win32_1.0.0.202411081344/tools/bin/../lib/gcc/arm-none-eabi/13.3.1/../../../../arm-none-eabi/lib/thumb/v7e-m+fp/hard\libc_nano.a(libc_a-memset.o)
                0x08004f28                memset
 .text._close_r
                0x08004f38       0x20 C:/ST/STM32CubeIDE_1.19.0/STM32CubeIDE/plugins/com.st.stm32cube.ide.mcu.externaltools.gnu-tools-for-stm32.13.3.rel1.win32_1.0.0.202411081344/tools/bin/../lib/gcc/arm-none-eabi/13.3.1/../../../../arm-none-eabi/lib/thumb/v7e-m+fp/hard\libc_nano.a(libc_a-closer.o)
                0x08004f38                _close_r
 .text._lseek_r
                0x08004f58       0x24 C:/ST/STM32CubeIDE_1.19.0/STM32CubeIDE/plugins/com.st.stm32cube.ide.mcu.externaltools.gnu-tools-for-stm32.13.3.rel1.win32_1.0.0.202411081344/tools/bin/../lib/gcc/arm-none-eabi/13.3.1/../../../../arm-none-eabi/lib/thumb/v7e-m+fp/hard\libc_nano.a(libc_a-lseekr.o)
                0x08004f58                _lseek_r
 .text._read_r  0x08004f7c       0x24 C:/ST/STM32CubeIDE_1.19.0/STM32CubeIDE/plugins/com.st.stm32cube.ide.mcu.externaltools.gnu-tools-for-stm32.13.3.rel1.win32_1.0.0.202411081344/tools/bin/../lib/gcc/arm-none-eabi/13.3.1/../../../../arm-none-eabi/lib/thumb/v7e-m+fp/hard\libc_nano.a(libc_a-readr.o)
                0x08004f7c                _read_r
 .text._write_r
                0x08004fa0       0x24 C:/ST/STM32CubeIDE_1.19.0/STM32CubeIDE/plugins/com.st.stm32cube.ide.mcu.externaltools.gnu-tools-for-stm32.13.3.rel1.win32_1.0.0.202411081344/tools/bin/../lib/gcc/arm-none-eabi/13.3.1/../../../../arm-none-eabi/lib/thumb/v7e-m+fp/hard\libc_nano.a(libc_a-writer.o)
                0x08004fa0                _write_r
 .text.__errno  0x08004fc4        0xc C:/ST/STM32CubeIDE_1.19.0/STM32CubeIDE/plugins/com.st.stm32cube.ide.mcu.externaltools.gnu-tools-for-stm32.13.3.rel1.win32_1.0.0.202411081344/tools/bin/../lib/gcc/arm-none-eabi/13.3.1/../../../../arm-none-eabi/lib/thumb/v7e-m+fp/hard\libc_nano.a(libc_a-errno.o)
                0x08004fc4                __errno
 .text.__libc_init_array
                0x08004fd0       0x48 C:/ST/STM32CubeIDE_1.19.0/STM32CubeIDE/plugins/com.st.stm32cube.ide.mcu.externaltools.gnu-tools-for-stm32.13.3.rel1.win32_1.0.0.202411081344/tools/bin/../lib/gcc/arm-none-eabi/13.3.1/../../../../arm-none-eabi/lib/thumb/v7e-m+fp/hard\libc_nano.a(libc_a-init.o)
                0x08004fd0                __libc_init_array
 .text.__retarget_lock_init_recursive
                0x08005018        0x2 C:/ST/STM32CubeIDE_1.19.0/STM32CubeIDE/plugins/com.st.stm32cube.ide.mcu.externaltools.gnu-tools-for-stm32.13.3.rel1.win32_1.0.0.202411081344/tools/bin/../lib/gcc/arm-none-eabi/13.3.1/../../../../arm-none-eabi/lib/thumb/v7e-m+fp/hard\libc_nano.a(libc_a-lock.o)
                0x08005018                __retarget_lock_init_recursive
 .text.__retarget_lock_acquire_recursive
                0x0800501a        0x2 C:/ST/STM32CubeIDE_1.19.0/STM32CubeIDE/plugins/com.st.stm32cube.ide.mcu.externaltools.gnu-tools-for-stm32.13.3.rel1.win32_1.0.0.202411081344/tools/bin/../lib/gcc/arm-none-eabi/13.3.1/../../../../arm-none-eabi/lib/thumb/v7e-m+fp/hard\libc_nano.a(libc_a-lock.o)
                0x0800501a                __retarget_lock_acquire_recursive
 .text.__retarget_lock_release_recursive
                0x0800501c        0x2 C:/ST/STM32CubeIDE_1.19.0/STM32CubeIDE/plugins/com.st.stm32cube.ide.mcu.externaltools.gnu-tools-for-stm32.13.3.rel1.win32_1.0.0.202411081344/tools/bin/../lib/gcc/arm-none-eabi/13.3.1/../../../../arm-none-eabi/lib/thumb/v7e-m+fp/hard\libc_nano.a(libc_a-lock.o)
                0x0800501c                __retarget_lock_release_recursive
 *fill*         0x0800501e        0x2 
 .text._free_r  0x08005020       0x94 C:/ST/STM32CubeIDE_1.19.0/STM32CubeIDE/plugins/com.st.stm32cube.ide.mcu.externaltools.gnu-tools-for-stm32.13.3.rel1.win32_1.0.0.202411081344/tools/bin/../lib/gcc/arm-none-eabi/13.3.1/../../../../arm-none-eabi/lib/thumb/v7e-m+fp/hard\libc_nano.a(libc_a-freer.o)
                0x08005020                _free_r
 .text.sbrk_aligned
                0x080050b4       0x44 C:/ST/STM32CubeIDE_1.19.0/STM32CubeIDE/plugins/com.st.stm32cube.ide.mcu.externaltools.gnu-tools-for-stm32.13.3.rel1.win32_1.0.0.202411081344/tools/bin/../lib/gcc/arm-none-eabi/13.3.1/../../../../arm-none-eabi/lib/thumb/v7e-m+fp/hard\libc_nano.a(libc_a-mallocr.o)
 .text._malloc_r
                0x080050f8      0x100 C:/ST/STM32CubeIDE_1.19.0/STM32CubeIDE/plugins/com.st.stm32cube.ide.mcu.externaltools.gnu-tools-for-stm32.13.3.rel1.win32_1.0.0.202411081344/tools/bin/../lib/gcc/arm-none-eabi/13.3.1/../../../../arm-none-eabi/lib/thumb/v7e-m+fp/hard\libc_nano.a(libc_a-mallocr.o)
                0x080050f8                _malloc_r
 .text.__malloc_lock
                0x080051f8        0xc C:/ST/STM32CubeIDE_1.19.0/STM32CubeIDE/plugins/com.st.stm32cube.ide.mcu.externaltools.gnu-tools-for-stm32.13.3.rel1.win32_1.0.0.202411081344/tools/bin/../lib/gcc/arm-none-eabi/13.3.1/../../../../arm-none-eabi/lib/thumb/v7e-m+fp/hard\libc_nano.a(libc_a-mlock.o)
                0x080051f8                __malloc_lock
 .text.__malloc_unlock
                0x08005204        0xc C:/ST/STM32CubeIDE_1.19.0/STM32CubeIDE/plugins/com.st.stm32cube.ide.mcu.externaltools.gnu-tools-for-stm32.13.3.rel1.win32_1.0.0.202411081344/tools/bin/../lib/gcc/arm-none-eabi/13.3.1/../../../../arm-none-eabi/lib/thumb/v7e-m+fp/hard\libc_nano.a(libc_a-mlock.o)
                0x08005204                __malloc_unlock
 .text.__sfputc_r
                0x08005210       0x2e C:/ST/STM32CubeIDE_1.19.0/STM32CubeIDE/plugins/com.st.stm32cube.ide.mcu.externaltools.gnu-tools-for-stm32.13.3.rel1.win32_1.0.0.202411081344/tools/bin/../lib/gcc/arm-none-eabi/13.3.1/../../../../arm-none-eabi/lib/thumb/v7e-m+fp/hard\libc_nano.a(libc_a-nano-vfprintf.o)
 .text.__sfputs_r
                0x0800523e       0x24 C:/ST/STM32CubeIDE_1.19.0/STM32CubeIDE/plugins/com.st.stm32cube.ide.mcu.externaltools.gnu-tools-for-stm32.13.3.rel1.win32_1.0.0.202411081344/tools/bin/../lib/gcc/arm-none-eabi/13.3.1/../../../../arm-none-eabi/lib/thumb/v7e-m+fp/hard\libc_nano.a(libc_a-nano-vfprintf.o)
                0x0800523e                __sfputs_r
 *fill*         0x08005262        0x2 
 .text._vfprintf_r
                0x08005264      0x230 C:/ST/STM32CubeIDE_1.19.0/STM32CubeIDE/plugins/com.st.stm32cube.ide.mcu.externaltools.gnu-tools-for-stm32.13.3.rel1.win32_1.0.0.202411081344/tools/bin/../lib/gcc/arm-none-eabi/13.3.1/../../../../arm-none-eabi/lib/thumb/v7e-m+fp/hard\libc_nano.a(libc_a-nano-vfprintf.o)
                0x08005264                _vfprintf_r
                0x08005264                _vfiprintf_r
 .text._printf_common
                0x08005494       0xda C:/ST/STM32CubeIDE_1.19.0/STM32CubeIDE/plugins/com.st.stm32cube.ide.mcu.externaltools.gnu-tools-for-stm32.13.3.rel1.win32_1.0.0.202411081344/tools/bin/../lib/gcc/arm-none-eabi/13.3.1/../../../../arm-none-eabi/lib/thumb/v7e-m+fp/hard\libc_nano.a(libc_a-nano-vfprintf_i.o)
                0x08005494                _printf_common
 *fill*         0x0800556e        0x2 
 .text._printf_i
                0x08005570      0x23c C:/ST/STM32CubeIDE_1.19.0/STM32CubeIDE/plugins/com.st.stm32cube.ide.mcu.externaltools.gnu-tools-for-stm32.13.3.rel1.win32_1.0.0.202411081344/tools/bin/../lib/gcc/arm-none-eabi/13.3.1/../../../../arm-none-eabi/lib/thumb/v7e-m+fp/hard\libc_nano.a(libc_a-nano-vfprintf_i.o)
                0x08005570                _printf_i
 .text.__sflush_r
                0x080057ac      0x108 C:/ST/STM32CubeIDE_1.19.0/STM32CubeIDE/plugins/com.st.stm32cube.ide.mcu.externaltools.gnu-tools-for-stm32.13.3.rel1.win32_1.0.0.202411081344/tools/bin/../lib/gcc/arm-none-eabi/13.3.1/../../../../arm-none-eabi/lib/thumb/v7e-m+fp/hard\libc_nano.a(libc_a-fflush.o)
                0x080057ac                __sflush_r
 .text._fflush_r
                0x080058b4       0x50 C:/ST/STM32CubeIDE_1.19.0/STM32CubeIDE/plugins/com.st.stm32cube.ide.mcu.externaltools.gnu-tools-for-stm32.13.3.rel1.win32_1.0.0.202411081344/tools/bin/../lib/gcc/arm-none-eabi/13.3.1/../../../../arm-none-eabi/lib/thumb/v7e-m+fp/hard\libc_nano.a(libc_a-fflush.o)
                0x080058b4                _fflush_r
 .text.__swhatbuf_r
                0x08005904       0x4c C:/ST/STM32CubeIDE_1.19.0/STM32CubeIDE/plugins/com.st.stm32cube.ide.mcu.externaltools.gnu-tools-for-stm32.13.3.rel1.win32_1.0.0.202411081344/tools/bin/../lib/gcc/arm-none-eabi/13.3.1/../../../../arm-none-eabi/lib/thumb/v7e-m+fp/hard\libc_nano.a(libc_a-makebuf.o)
                0x08005904                __swhatbuf_r
 .text.__smakebuf_r
                0x08005950       0x78 C:/ST/STM32CubeIDE_1.19.0/STM32CubeIDE/plugins/com.st.stm32cube.ide.mcu.externaltools.gnu-tools-for-stm32.13.3.rel1.win32_1.0.0.202411081344/tools/bin/../lib/gcc/arm-none-eabi/13.3.1/../../../../arm-none-eabi/lib/thumb/v7e-m+fp/hard\libc_nano.a(libc_a-makebuf.o)
                0x08005950                __smakebuf_r
 .text._fstat_r
                0x080059c8       0x24 C:/ST/STM32CubeIDE_1.19.0/STM32CubeIDE/plugins/com.st.stm32cube.ide.mcu.externaltools.gnu-tools-for-stm32.13.3.rel1.win32_1.0.0.202411081344/tools/bin/../lib/gcc/arm-none-eabi/13.3.1/../../../../arm-none-eabi/lib/thumb/v7e-m+fp/hard\libc_nano.a(libc_a-fstatr.o)
                0x080059c8                _fstat_r
 .text._isatty_r
                0x080059ec       0x20 C:/ST/STM32CubeIDE_1.19.0/STM32CubeIDE/plugins/com.st.stm32cube.ide.mcu.externaltools.gnu-tools-for-stm32.13.3.rel1.win32_1.0.0.202411081344/tools/bin/../lib/gcc/arm-none-eabi/13.3.1/../../../../arm-none-eabi/lib/thumb/v7e-m+fp/hard\libc_nano.a(libc_a-isattyr.o)
                0x080059ec                _isatty_r
 .text._sbrk_r  0x08005a0c       0x20 C:/ST/STM32CubeIDE_1.19.0/STM32CubeIDE/plugins/com.st.stm32cube.ide.mcu.externaltools.gnu-tools-for-stm32.13.3.rel1.win32_1.0.0.202411081344/tools/bin/../lib/gcc/arm-none-eabi/13.3.1/../../../../arm-none-eabi/lib/thumb/v7e-m+fp/hard\libc_nano.a(libc_a-sbrkr.o)
                0x08005a0c                _sbrk_r
 *(.glue_7)
 .glue_7        0x08005a2c        0x0 linker stubs
 *(.glue_7t)
 .glue_7t       0x08005a2c        0x0 linker stubs
 *(.eh_frame)
 .eh_frame      0x08005a2c        0x0 C:/ST/STM32CubeIDE_1.19.0/STM32CubeIDE/plugins/com.st.stm32cube.ide.mcu.externaltools.gnu-tools-for-stm32.13.3.rel1.win32_1.0.0.202411081344/tools/bin/../lib/gcc/arm-none-eabi/13.3.1/thumb/v7e-m+fp/hard/crtbegin.o
 *(.init)
 .init          0x08005a2c        0x4 C:/ST/STM32CubeIDE_1.19.0/STM32CubeIDE/plugins/com.st.stm32cube.ide.mcu.externaltools.gnu-tools-for-stm32.13.3.rel1.win32_1.0.0.202411081344/tools/bin/../lib/gcc/arm-none-eabi/13.3.1/thumb/v7e-m+fp/hard/crti.o
                0x08005a2c                _init
 .init          0x08005a30        0x8 C:/ST/STM32CubeIDE_1.19.0/STM32CubeIDE/plugins/com.st.stm32cube.ide.mcu.externaltools.gnu-tools-for-stm32.13.3.rel1.win32_1.0.0.202411081344/tools/bin/../lib/gcc/arm-none-eabi/13.3.1/thumb/v7e-m+fp/hard/crtn.o
 *(.fini)
 .fini          0x08005a38        0x4 C:/ST/STM32CubeIDE_1.19.0/STM32CubeIDE/plugins/com.st.stm32cube.ide.mcu.externaltools.gnu-tools-for-stm32.13.3.rel1.win32_1.0.0.202411081344/tools/bin/../lib/gcc/arm-none-eabi/13.3.1/thumb/v7e-m+fp/hard/crti.o
                0x08005a38                _fini
 .fini          0x08005a3c        0x8 C:/ST/STM32CubeIDE_1.19.0/STM32CubeIDE/plugins/com.st.stm32cube.ide.mcu.externaltools.gnu-tools-for-stm32.13.3.rel1.win32_1.0.0.202411081344/tools/bin/../lib/gcc/arm-none-eabi/13.3.1/thumb/v7e-m+fp/hard/crtn.o
                0x08005a44                        . = ALIGN (0x4)
                0x08005a44                        _etext = .

.vfp11_veneer   0x08005a44        0x0
 .vfp11_veneer  0x08005a44        0x0 linker stubs

.v4_bx          0x08005a44        0x0
 .v4_bx         0x08005a44        0x0 linker stubs

.iplt           0x08005a44        0x0
 .iplt          0x08005a44        0x0 C:/ST/STM32CubeIDE_1.19.0/STM32CubeIDE/plugins/com.st.stm32cube.ide.mcu.externaltools.gnu-tools-for-stm32.13.3.rel1.win32_1.0.0.202411081344/tools/bin/../lib/gcc/arm-none-eabi/13.3.1/thumb/v7e-m+fp/hard/crtbegin.o

.rodata         0x08005a44      0x2cc
                0x08005a44                        . = ALIGN (0x4)
 *(.rodata)
 .rodata        0x08005a44       0x27 ./Core/Src/BoardManager.o
 *fill*         0x08005a6b        0x1 
 .rodata        0x08005a6c      0x202 ./Core/Src/CANDriver.o
 *fill*         0x08005c6e        0x2 
 .rodata        0x08005c70       0x13 ./Core/Src/main.o
 *fill*         0x08005c83        0x1 
 .rodata        0x08005c84       0x18 ./Drivers/VL53L4CD_ULD_Driver/VL53L4CD_api.o
 *(.rodata*)
 .rodata.AHBPrescTable
                0x08005c9c       0x10 ./Core/Src/system_stm32g4xx.o
                0x08005c9c                AHBPrescTable
 .rodata.APBPrescTable
                0x08005cac        0x8 ./Core/Src/system_stm32g4xx.o
                0x08005cac                APBPrescTable
 .rodata.UARTPrescTable
                0x08005cb4       0x18 ./Drivers/STM32G4xx_HAL_Driver/Src/stm32g4xx_hal_uart.o
                0x08005cb4                UARTPrescTable
 .rodata.numerator.1
                0x08005ccc        0x8 ./Drivers/STM32G4xx_HAL_Driver/Src/stm32g4xx_hal_uart_ex.o
 .rodata.denominator.0
                0x08005cd4        0x8 ./Drivers/STM32G4xx_HAL_Driver/Src/stm32g4xx_hal_uart_ex.o
 .rodata._vfprintf_r.str1.1
                0x08005cdc       0x33 C:/ST/STM32CubeIDE_1.19.0/STM32CubeIDE/plugins/com.st.stm32cube.ide.mcu.externaltools.gnu-tools-for-stm32.13.3.rel1.win32_1.0.0.202411081344/tools/bin/../lib/gcc/arm-none-eabi/13.3.1/../../../../arm-none-eabi/lib/thumb/v7e-m+fp/hard\libc_nano.a(libc_a-nano-vfprintf.o)
                                 0x11 (size before relaxing)
 .rodata._printf_i.str1.1
                0x08005d0f       0x22 C:/ST/STM32CubeIDE_1.19.0/STM32CubeIDE/plugins/com.st.stm32cube.ide.mcu.externaltools.gnu-tools-for-stm32.13.3.rel1.win32_1.0.0.202411081344/tools/bin/../lib/gcc/arm-none-eabi/13.3.1/../../../../arm-none-eabi/lib/thumb/v7e-m+fp/hard\libc_nano.a(libc_a-nano-vfprintf_i.o)
                0x08005d34                        . = ALIGN (0x4)
 *fill*         0x08005d0f        0x1 

.ARM.extab      0x08005d10        0x0
                0x08005d10                        . = ALIGN (0x4)
 *(.ARM.extab* .gnu.linkonce.armextab.*)
                0x08005d10                        . = ALIGN (0x4)

.ARM            0x08005d10        0x8
                0x08005d10                        . = ALIGN (0x4)
                0x08005d10                        __exidx_start = .
 *(.ARM.exidx*)
 .ARM.exidx     0x08005d10        0x8 C:/ST/STM32CubeIDE_1.19.0/STM32CubeIDE/plugins/com.st.stm32cube.ide.mcu.externaltools.gnu-tools-for-stm32.13.3.rel1.win32_1.0.0.202411081344/tools/bin/../lib/gcc/arm-none-eabi/13.3.1/../../../../arm-none-eabi/lib/thumb/v7e-m+fp/hard\libc_nano.a(libc_a-memchr.o)
 .ARM.exidx     0x08005d18        0x0 C:/ST/STM32CubeIDE_1.19.0/STM32CubeIDE/plugins/com.st.stm32cube.ide.mcu.externaltools.gnu-tools-for-stm32.13.3.rel1.win32_1.0.0.202411081344/tools/bin/../lib/gcc/arm-none-eabi/13.3.1/thumb/v7e-m+fp/hard\libgcc.a(_udivmoddi4.o)
                                  0x8 (size before relaxing)
                0x08005d18                        __exidx_end = .
                0x08005d18                        . = ALIGN (0x4)

.preinit_array  0x08005d18        0x0
                0x08005d18                        . = ALIGN (0x4)
                0x08005d18                        PROVIDE (__preinit_array_start = .)
 *(.preinit_array*)
                0x08005d18                        PROVIDE (__preinit_array_end = .)
                0x08005d18                        . = ALIGN (0x4)

.init_array     0x08005d18        0x4
                0x08005d18                        . = ALIGN (0x4)
                0x08005d18                        PROVIDE (__init_array_start = .)
 *(SORT_BY_NAME(.init_array.*))
 *(.init_array*)
 .init_array    0x08005d18        0x4 C:/ST/STM32CubeIDE_1.19.0/STM32CubeIDE/plugins/com.st.stm32cube.ide.mcu.externaltools.gnu-tools-for-stm32.13.3.rel1.win32_1.0.0.202411081344/tools/bin/../lib/gcc/arm-none-eabi/13.3.1/thumb/v7e-m+fp/hard/crtbegin.o
                0x08005d1c                        PROVIDE (__init_array_end = .)
                0x08005d1c                        . = ALIGN (0x4)

.fini_array     0x08005d1c        0x4
                0x08005d1c                        . = ALIGN (0x4)
                [!provide]                        PROVIDE (__fini_array_start = .)
 *(SORT_BY_NAME(.fini_array.*))
 *(.fini_array*)
 .fini_array    0x08005d1c        0x4 C:/ST/STM32CubeIDE_1.19.0/STM32CubeIDE/plugins/com.st.stm32cube.ide.mcu.externaltools.gnu-tools-for-stm32.13.3.rel1.win32_1.0.0.202411081344/tools/bin/../lib/gcc/arm-none-eabi/13.3.1/thumb/v7e-m+fp/hard/crtbegin.o
                [!provide]                        PROVIDE (__fini_array_end = .)
                0x08005d20                        . = ALIGN (0x4)
                0x08005d20                        _sidata = LOADADDR (.data)

.rel.dyn        0x08005d20        0x0
 .rel.iplt      0x08005d20        0x0 C:/ST/STM32CubeIDE_1.19.0/STM32CubeIDE/plugins/com.st.stm32cube.ide.mcu.externaltools.gnu-tools-for-stm32.13.3.rel1.win32_1.0.0.202411081344/tools/bin/../lib/gcc/arm-none-eabi/13.3.1/thumb/v7e-m+fp/hard/crtbegin.o

.data           0x20000000       0x68 load address 0x08005d20
                0x20000000                        . = ALIGN (0x4)
                0x20000000                        _sdata = .
 *(.data)
 *(.data*)
 .data.SystemCoreClock
                0x20000000        0x4 ./Core/Src/system_stm32g4xx.o
                0x20000000                SystemCoreClock
 .data.uwTickPrio
                0x20000004        0x4 ./Drivers/STM32G4xx_HAL_Driver/Src/stm32g4xx_hal.o
                0x20000004                uwTickPrio
 .data.uwTickFreq
                0x20000008        0x4 ./Drivers/STM32G4xx_HAL_Driver/Src/stm32g4xx_hal.o
                0x20000008                uwTickFreq
 .data.__sglue  0x2000000c        0xc C:/ST/STM32CubeIDE_1.19.0/STM32CubeIDE/plugins/com.st.stm32cube.ide.mcu.externaltools.gnu-tools-for-stm32.13.3.rel1.win32_1.0.0.202411081344/tools/bin/../lib/gcc/arm-none-eabi/13.3.1/../../../../arm-none-eabi/lib/thumb/v7e-m+fp/hard\libc_nano.a(libc_a-findfp.o)
                0x2000000c                __sglue
 .data._impure_ptr
                0x20000018        0x4 C:/ST/STM32CubeIDE_1.19.0/STM32CubeIDE/plugins/com.st.stm32cube.ide.mcu.externaltools.gnu-tools-for-stm32.13.3.rel1.win32_1.0.0.202411081344/tools/bin/../lib/gcc/arm-none-eabi/13.3.1/../../../../arm-none-eabi/lib/thumb/v7e-m+fp/hard\libc_nano.a(libc_a-impure.o)
                0x20000018                _impure_ptr
 .data._impure_data
                0x2000001c       0x4c C:/ST/STM32CubeIDE_1.19.0/STM32CubeIDE/plugins/com.st.stm32cube.ide.mcu.externaltools.gnu-tools-for-stm32.13.3.rel1.win32_1.0.0.202411081344/tools/bin/../lib/gcc/arm-none-eabi/13.3.1/../../../../arm-none-eabi/lib/thumb/v7e-m+fp/hard\libc_nano.a(libc_a-impure.o)
                0x2000001c                _impure_data
 *(.RamFunc)
 *(.RamFunc*)
                0x20000068                        . = ALIGN (0x4)
                0x20000068                        _edata = .

.igot.plt       0x20000068        0x0 load address 0x08005d88
 .igot.plt      0x20000068        0x0 C:/ST/STM32CubeIDE_1.19.0/STM32CubeIDE/plugins/com.st.stm32cube.ide.mcu.externaltools.gnu-tools-for-stm32.13.3.rel1.win32_1.0.0.202411081344/tools/bin/../lib/gcc/arm-none-eabi/13.3.1/thumb/v7e-m+fp/hard/crtbegin.o
                0x20000068                        . = ALIGN (0x4)

.bss            0x20000068      0x63c load address 0x08005d88
                0x20000068                        _sbss = .
                0x20000068                        __bss_start__ = _sbss
 *(.bss)
 .bss           0x20000068       0x1c C:/ST/STM32CubeIDE_1.19.0/STM32CubeIDE/plugins/com.st.stm32cube.ide.mcu.externaltools.gnu-tools-for-stm32.13.3.rel1.win32_1.0.0.202411081344/tools/bin/../lib/gcc/arm-none-eabi/13.3.1/thumb/v7e-m+fp/hard/crtbegin.o
 *(.bss*)
 .bss._ZZ10CAN_createE6driver
                0x20000084      0x35c ./Core/Src/CAN_driver_wrapper.o
 .bss._ZGVZ10CAN_createE6driver
                0x200003e0        0x4 ./Core/Src/CAN_driver_wrapper.o
 .bss.hfdcan1   0x200003e4       0x64 ./Core/Src/fdcan.o
                0x200003e4                hfdcan1
 .bss.hi2c2     0x20000448       0x54 ./Core/Src/i2c.o
                0x20000448                hi2c2
 .bss.data_ready
                0x2000049c        0x1 ./Core/Src/main.o
                0x2000049c                data_ready
 *fill*         0x2000049d        0x3 
 .bss.can_handle
                0x200004a0        0x4 ./Core/Src/main.o
                0x200004a0                can_handle
 .bss.data      0x200004a4       0x18 ./Core/Src/main.o
                0x200004a4                data
 .bss.__sbrk_heap_end
                0x200004bc        0x4 ./Core/Src/sysmem.o
 .bss.huart1    0x200004c0       0x94 ./Core/Src/usart.o
                0x200004c0                huart1
 .bss.uwTick    0x20000554        0x4 ./Drivers/STM32G4xx_HAL_Driver/Src/stm32g4xx_hal.o
                0x20000554                uwTick
 .bss.__sf      0x20000558      0x138 C:/ST/STM32CubeIDE_1.19.0/STM32CubeIDE/plugins/com.st.stm32cube.ide.mcu.externaltools.gnu-tools-for-stm32.13.3.rel1.win32_1.0.0.202411081344/tools/bin/../lib/gcc/arm-none-eabi/13.3.1/../../../../arm-none-eabi/lib/thumb/v7e-m+fp/hard\libc_nano.a(libc_a-findfp.o)
                0x20000558                __sf
 .bss.__stdio_exit_handler
                0x20000690        0x4 C:/ST/STM32CubeIDE_1.19.0/STM32CubeIDE/plugins/com.st.stm32cube.ide.mcu.externaltools.gnu-tools-for-stm32.13.3.rel1.win32_1.0.0.202411081344/tools/bin/../lib/gcc/arm-none-eabi/13.3.1/../../../../arm-none-eabi/lib/thumb/v7e-m+fp/hard\libc_nano.a(libc_a-findfp.o)
                0x20000690                __stdio_exit_handler
 .bss.errno     0x20000694        0x4 C:/ST/STM32CubeIDE_1.19.0/STM32CubeIDE/plugins/com.st.stm32cube.ide.mcu.externaltools.gnu-tools-for-stm32.13.3.rel1.win32_1.0.0.202411081344/tools/bin/../lib/gcc/arm-none-eabi/13.3.1/../../../../arm-none-eabi/lib/thumb/v7e-m+fp/hard\libc_nano.a(libc_a-reent.o)
                0x20000694                errno
 .bss.__lock___malloc_recursive_mutex
                0x20000698        0x1 C:/ST/STM32CubeIDE_1.19.0/STM32CubeIDE/plugins/com.st.stm32cube.ide.mcu.externaltools.gnu-tools-for-stm32.13.3.rel1.win32_1.0.0.202411081344/tools/bin/../lib/gcc/arm-none-eabi/13.3.1/../../../../arm-none-eabi/lib/thumb/v7e-m+fp/hard\libc_nano.a(libc_a-lock.o)
                0x20000698                __lock___malloc_recursive_mutex
 .bss.__lock___sfp_recursive_mutex
                0x20000699        0x1 C:/ST/STM32CubeIDE_1.19.0/STM32CubeIDE/plugins/com.st.stm32cube.ide.mcu.externaltools.gnu-tools-for-stm32.13.3.rel1.win32_1.0.0.202411081344/tools/bin/../lib/gcc/arm-none-eabi/13.3.1/../../../../arm-none-eabi/lib/thumb/v7e-m+fp/hard\libc_nano.a(libc_a-lock.o)
                0x20000699                __lock___sfp_recursive_mutex
 *fill*         0x2000069a        0x2 
 .bss.__malloc_sbrk_start
                0x2000069c        0x4 C:/ST/STM32CubeIDE_1.19.0/STM32CubeIDE/plugins/com.st.stm32cube.ide.mcu.externaltools.gnu-tools-for-stm32.13.3.rel1.win32_1.0.0.202411081344/tools/bin/../lib/gcc/arm-none-eabi/13.3.1/../../../../arm-none-eabi/lib/thumb/v7e-m+fp/hard\libc_nano.a(libc_a-mallocr.o)
                0x2000069c                __malloc_sbrk_start
 .bss.__malloc_free_list
                0x200006a0        0x4 C:/ST/STM32CubeIDE_1.19.0/STM32CubeIDE/plugins/com.st.stm32cube.ide.mcu.externaltools.gnu-tools-for-stm32.13.3.rel1.win32_1.0.0.202411081344/tools/bin/../lib/gcc/arm-none-eabi/13.3.1/../../../../arm-none-eabi/lib/thumb/v7e-m+fp/hard\libc_nano.a(libc_a-mallocr.o)
                0x200006a0                __malloc_free_list
 *(COMMON)
                0x200006a4                        . = ALIGN (0x4)
                0x200006a4                        _ebss = .
                0x200006a4                        __bss_end__ = _ebss

._user_heap_stack
                0x200006a4      0x604 load address 0x08005d88
                0x200006a8                        . = ALIGN (0x8)
 *fill*         0x200006a4        0x4 
                [!provide]                        PROVIDE (end = .)
                0x200006a8                        PROVIDE (_end = .)
                0x200008a8                        . = (. + _Min_Heap_Size)
 *fill*         0x200006a8      0x200 
                0x20000ca8                        . = (. + _Min_Stack_Size)
 *fill*         0x200008a8      0x400 
                0x20000ca8                        . = ALIGN (0x8)

/DISCARD/
 libc.a(*)
 libm.a(*)
 libgcc.a(*)

.ARM.attributes
                0x00000000       0x30
 *(.ARM.attributes)
 .ARM.attributes
                0x00000000       0x22 C:/ST/STM32CubeIDE_1.19.0/STM32CubeIDE/plugins/com.st.stm32cube.ide.mcu.externaltools.gnu-tools-for-stm32.13.3.rel1.win32_1.0.0.202411081344/tools/bin/../lib/gcc/arm-none-eabi/13.3.1/thumb/v7e-m+fp/hard/crti.o
 .ARM.attributes
                0x00000022       0x34 C:/ST/STM32CubeIDE_1.19.0/STM32CubeIDE/plugins/com.st.stm32cube.ide.mcu.externaltools.gnu-tools-for-stm32.13.3.rel1.win32_1.0.0.202411081344/tools/bin/../lib/gcc/arm-none-eabi/13.3.1/thumb/v7e-m+fp/hard/crtbegin.o
 .ARM.attributes
                0x00000056       0x34 ./Core/Src/BoardManager.o
 .ARM.attributes
                0x0000008a       0x34 ./Core/Src/CANDriver.o
 .ARM.attributes
                0x000000be       0x34 ./Core/Src/CANMessage.o
 .ARM.attributes
                0x000000f2       0x34 ./Core/Src/CAN_driver_wrapper.o
 .ARM.attributes
                0x00000126       0x34 ./Core/Src/fdcan.o
 .ARM.attributes
                0x0000015a       0x34 ./Core/Src/gpio.o
 .ARM.attributes
                0x0000018e       0x34 ./Core/Src/i2c.o
 .ARM.attributes
                0x000001c2       0x34 ./Core/Src/main.o
 .ARM.attributes
                0x000001f6       0x34 ./Core/Src/stm32g4xx_hal_msp.o
 .ARM.attributes
                0x0000022a       0x34 ./Core/Src/stm32g4xx_it.o
 .ARM.attributes
                0x0000025e       0x34 ./Core/Src/syscalls.o
 .ARM.attributes
                0x00000292       0x34 ./Core/Src/sysmem.o
 .ARM.attributes
                0x000002c6       0x34 ./Core/Src/system_stm32g4xx.o
 .ARM.attributes
                0x000002fa       0x34 ./Core/Src/usart.o
 .ARM.attributes
                0x0000032e       0x21 ./Core/Startup/startup_stm32g491kcux.o
 .ARM.attributes
                0x0000034f       0x34 ./Drivers/Platform/platform.o
 .ARM.attributes
                0x00000383       0x34 ./Drivers/STM32G4xx_HAL_Driver/Src/stm32g4xx_hal.o
 .ARM.attributes
                0x000003b7       0x34 ./Drivers/STM32G4xx_HAL_Driver/Src/stm32g4xx_hal_cortex.o
 .ARM.attributes
                0x000003eb       0x34 ./Drivers/STM32G4xx_HAL_Driver/Src/stm32g4xx_hal_fdcan.o
 .ARM.attributes
                0x0000041f       0x34 ./Drivers/STM32G4xx_HAL_Driver/Src/stm32g4xx_hal_gpio.o
 .ARM.attributes
                0x00000453       0x34 ./Drivers/STM32G4xx_HAL_Driver/Src/stm32g4xx_hal_i2c.o
 .ARM.attributes
                0x00000487       0x34 ./Drivers/STM32G4xx_HAL_Driver/Src/stm32g4xx_hal_i2c_ex.o
 .ARM.attributes
                0x000004bb       0x34 ./Drivers/STM32G4xx_HAL_Driver/Src/stm32g4xx_hal_pwr_ex.o
 .ARM.attributes
                0x000004ef       0x34 ./Drivers/STM32G4xx_HAL_Driver/Src/stm32g4xx_hal_rcc.o
 .ARM.attributes
                0x00000523       0x34 ./Drivers/STM32G4xx_HAL_Driver/Src/stm32g4xx_hal_rcc_ex.o
 .ARM.attributes
                0x00000557       0x34 ./Drivers/STM32G4xx_HAL_Driver/Src/stm32g4xx_hal_uart.o
 .ARM.attributes
                0x0000058b       0x34 ./Drivers/STM32G4xx_HAL_Driver/Src/stm32g4xx_hal_uart_ex.o
 .ARM.attributes
                0x000005bf       0x34 ./Drivers/VL53L4CD_ULD_Driver/VL53L4CD_api.o
 .ARM.attributes
                0x000005f3       0x34 C:/ST/STM32CubeIDE_1.19.0/STM32CubeIDE/plugins/com.st.stm32cube.ide.mcu.externaltools.gnu-tools-for-stm32.13.3.rel1.win32_1.0.0.202411081344/tools/bin/../lib/gcc/arm-none-eabi/13.3.1/../../../../arm-none-eabi/lib/thumb/v7e-m+fp/hard\libstdc++_nano.a(guard.o)
 .ARM.attributes
                0x00000627       0x34 C:/ST/STM32CubeIDE_1.19.0/STM32CubeIDE/plugins/com.st.stm32cube.ide.mcu.externaltools.gnu-tools-for-stm32.13.3.rel1.win32_1.0.0.202411081344/tools/bin/../lib/gcc/arm-none-eabi/13.3.1/../../../../arm-none-eabi/lib/thumb/v7e-m+fp/hard\libc_nano.a(libc_a-findfp.o)
 .ARM.attributes
                0x0000065b       0x34 C:/ST/STM32CubeIDE_1.19.0/STM32CubeIDE/plugins/com.st.stm32cube.ide.mcu.externaltools.gnu-tools-for-stm32.13.3.rel1.win32_1.0.0.202411081344/tools/bin/../lib/gcc/arm-none-eabi/13.3.1/../../../../arm-none-eabi/lib/thumb/v7e-m+fp/hard\libc_nano.a(libc_a-fwalk.o)
 .ARM.attributes
                0x0000068f       0x34 C:/ST/STM32CubeIDE_1.19.0/STM32CubeIDE/plugins/com.st.stm32cube.ide.mcu.externaltools.gnu-tools-for-stm32.13.3.rel1.win32_1.0.0.202411081344/tools/bin/../lib/gcc/arm-none-eabi/13.3.1/../../../../arm-none-eabi/lib/thumb/v7e-m+fp/hard\libc_nano.a(libc_a-printf.o)
 .ARM.attributes
                0x000006c3       0x34 C:/ST/STM32CubeIDE_1.19.0/STM32CubeIDE/plugins/com.st.stm32cube.ide.mcu.externaltools.gnu-tools-for-stm32.13.3.rel1.win32_1.0.0.202411081344/tools/bin/../lib/gcc/arm-none-eabi/13.3.1/../../../../arm-none-eabi/lib/thumb/v7e-m+fp/hard\libc_nano.a(libc_a-puts.o)
 .ARM.attributes
                0x000006f7       0x34 C:/ST/STM32CubeIDE_1.19.0/STM32CubeIDE/plugins/com.st.stm32cube.ide.mcu.externaltools.gnu-tools-for-stm32.13.3.rel1.win32_1.0.0.202411081344/tools/bin/../lib/gcc/arm-none-eabi/13.3.1/../../../../arm-none-eabi/lib/thumb/v7e-m+fp/hard\libc_nano.a(libc_a-stdio.o)
 .ARM.attributes
                0x0000072b       0x34 C:/ST/STM32CubeIDE_1.19.0/STM32CubeIDE/plugins/com.st.stm32cube.ide.mcu.externaltools.gnu-tools-for-stm32.13.3.rel1.win32_1.0.0.202411081344/tools/bin/../lib/gcc/arm-none-eabi/13.3.1/../../../../arm-none-eabi/lib/thumb/v7e-m+fp/hard\libc_nano.a(libc_a-wbuf.o)
 .ARM.attributes
                0x0000075f       0x34 C:/ST/STM32CubeIDE_1.19.0/STM32CubeIDE/plugins/com.st.stm32cube.ide.mcu.externaltools.gnu-tools-for-stm32.13.3.rel1.win32_1.0.0.202411081344/tools/bin/../lib/gcc/arm-none-eabi/13.3.1/../../../../arm-none-eabi/lib/thumb/v7e-m+fp/hard\libc_nano.a(libc_a-wsetup.o)
 .ARM.attributes
                0x00000793       0x34 C:/ST/STM32CubeIDE_1.19.0/STM32CubeIDE/plugins/com.st.stm32cube.ide.mcu.externaltools.gnu-tools-for-stm32.13.3.rel1.win32_1.0.0.202411081344/tools/bin/../lib/gcc/arm-none-eabi/13.3.1/../../../../arm-none-eabi/lib/thumb/v7e-m+fp/hard\libc_nano.a(libc_a-memset.o)
 .ARM.attributes
                0x000007c7       0x34 C:/ST/STM32CubeIDE_1.19.0/STM32CubeIDE/plugins/com.st.stm32cube.ide.mcu.externaltools.gnu-tools-for-stm32.13.3.rel1.win32_1.0.0.202411081344/tools/bin/../lib/gcc/arm-none-eabi/13.3.1/../../../../arm-none-eabi/lib/thumb/v7e-m+fp/hard\libc_nano.a(libc_a-closer.o)
 .ARM.attributes
                0x000007fb       0x34 C:/ST/STM32CubeIDE_1.19.0/STM32CubeIDE/plugins/com.st.stm32cube.ide.mcu.externaltools.gnu-tools-for-stm32.13.3.rel1.win32_1.0.0.202411081344/tools/bin/../lib/gcc/arm-none-eabi/13.3.1/../../../../arm-none-eabi/lib/thumb/v7e-m+fp/hard\libc_nano.a(libc_a-reent.o)
 .ARM.attributes
                0x0000082f       0x34 C:/ST/STM32CubeIDE_1.19.0/STM32CubeIDE/plugins/com.st.stm32cube.ide.mcu.externaltools.gnu-tools-for-stm32.13.3.rel1.win32_1.0.0.202411081344/tools/bin/../lib/gcc/arm-none-eabi/13.3.1/../../../../arm-none-eabi/lib/thumb/v7e-m+fp/hard\libc_nano.a(libc_a-impure.o)
 .ARM.attributes
                0x00000863       0x34 C:/ST/STM32CubeIDE_1.19.0/STM32CubeIDE/plugins/com.st.stm32cube.ide.mcu.externaltools.gnu-tools-for-stm32.13.3.rel1.win32_1.0.0.202411081344/tools/bin/../lib/gcc/arm-none-eabi/13.3.1/../../../../arm-none-eabi/lib/thumb/v7e-m+fp/hard\libc_nano.a(libc_a-lseekr.o)
 .ARM.attributes
                0x00000897       0x34 C:/ST/STM32CubeIDE_1.19.0/STM32CubeIDE/plugins/com.st.stm32cube.ide.mcu.externaltools.gnu-tools-for-stm32.13.3.rel1.win32_1.0.0.202411081344/tools/bin/../lib/gcc/arm-none-eabi/13.3.1/../../../../arm-none-eabi/lib/thumb/v7e-m+fp/hard\libc_nano.a(libc_a-readr.o)
 .ARM.attributes
                0x000008cb       0x34 C:/ST/STM32CubeIDE_1.19.0/STM32CubeIDE/plugins/com.st.stm32cube.ide.mcu.externaltools.gnu-tools-for-stm32.13.3.rel1.win32_1.0.0.202411081344/tools/bin/../lib/gcc/arm-none-eabi/13.3.1/../../../../arm-none-eabi/lib/thumb/v7e-m+fp/hard\libc_nano.a(libc_a-writer.o)
 .ARM.attributes
                0x000008ff       0x34 C:/ST/STM32CubeIDE_1.19.0/STM32CubeIDE/plugins/com.st.stm32cube.ide.mcu.externaltools.gnu-tools-for-stm32.13.3.rel1.win32_1.0.0.202411081344/tools/bin/../lib/gcc/arm-none-eabi/13.3.1/../../../../arm-none-eabi/lib/thumb/v7e-m+fp/hard\libc_nano.a(libc_a-errno.o)
 .ARM.attributes
                0x00000933       0x34 C:/ST/STM32CubeIDE_1.19.0/STM32CubeIDE/plugins/com.st.stm32cube.ide.mcu.externaltools.gnu-tools-for-stm32.13.3.rel1.win32_1.0.0.202411081344/tools/bin/../lib/gcc/arm-none-eabi/13.3.1/../../../../arm-none-eabi/lib/thumb/v7e-m+fp/hard\libc_nano.a(libc_a-init.o)
 .ARM.attributes
                0x00000967       0x34 C:/ST/STM32CubeIDE_1.19.0/STM32CubeIDE/plugins/com.st.stm32cube.ide.mcu.externaltools.gnu-tools-for-stm32.13.3.rel1.win32_1.0.0.202411081344/tools/bin/../lib/gcc/arm-none-eabi/13.3.1/../../../../arm-none-eabi/lib/thumb/v7e-m+fp/hard\libc_nano.a(libc_a-lock.o)
 .ARM.attributes
                0x0000099b       0x34 C:/ST/STM32CubeIDE_1.19.0/STM32CubeIDE/plugins/com.st.stm32cube.ide.mcu.externaltools.gnu-tools-for-stm32.13.3.rel1.win32_1.0.0.202411081344/tools/bin/../lib/gcc/arm-none-eabi/13.3.1/../../../../arm-none-eabi/lib/thumb/v7e-m+fp/hard\libc_nano.a(libc_a-freer.o)
 .ARM.attributes
                0x000009cf       0x34 C:/ST/STM32CubeIDE_1.19.0/STM32CubeIDE/plugins/com.st.stm32cube.ide.mcu.externaltools.gnu-tools-for-stm32.13.3.rel1.win32_1.0.0.202411081344/tools/bin/../lib/gcc/arm-none-eabi/13.3.1/../../../../arm-none-eabi/lib/thumb/v7e-m+fp/hard\libc_nano.a(libc_a-mallocr.o)
 .ARM.attributes
                0x00000a03       0x34 C:/ST/STM32CubeIDE_1.19.0/STM32CubeIDE/plugins/com.st.stm32cube.ide.mcu.externaltools.gnu-tools-for-stm32.13.3.rel1.win32_1.0.0.202411081344/tools/bin/../lib/gcc/arm-none-eabi/13.3.1/../../../../arm-none-eabi/lib/thumb/v7e-m+fp/hard\libc_nano.a(libc_a-mlock.o)
 .ARM.attributes
                0x00000a37       0x34 C:/ST/STM32CubeIDE_1.19.0/STM32CubeIDE/plugins/com.st.stm32cube.ide.mcu.externaltools.gnu-tools-for-stm32.13.3.rel1.win32_1.0.0.202411081344/tools/bin/../lib/gcc/arm-none-eabi/13.3.1/../../../../arm-none-eabi/lib/thumb/v7e-m+fp/hard\libc_nano.a(libc_a-nano-vfprintf.o)
 .ARM.attributes
                0x00000a6b       0x34 C:/ST/STM32CubeIDE_1.19.0/STM32CubeIDE/plugins/com.st.stm32cube.ide.mcu.externaltools.gnu-tools-for-stm32.13.3.rel1.win32_1.0.0.202411081344/tools/bin/../lib/gcc/arm-none-eabi/13.3.1/../../../../arm-none-eabi/lib/thumb/v7e-m+fp/hard\libc_nano.a(libc_a-nano-vfprintf_i.o)
 .ARM.attributes
                0x00000a9f       0x34 C:/ST/STM32CubeIDE_1.19.0/STM32CubeIDE/plugins/com.st.stm32cube.ide.mcu.externaltools.gnu-tools-for-stm32.13.3.rel1.win32_1.0.0.202411081344/tools/bin/../lib/gcc/arm-none-eabi/13.3.1/../../../../arm-none-eabi/lib/thumb/v7e-m+fp/hard\libc_nano.a(libc_a-fflush.o)
 .ARM.attributes
                0x00000ad3       0x34 C:/ST/STM32CubeIDE_1.19.0/STM32CubeIDE/plugins/com.st.stm32cube.ide.mcu.externaltools.gnu-tools-for-stm32.13.3.rel1.win32_1.0.0.202411081344/tools/bin/../lib/gcc/arm-none-eabi/13.3.1/../../../../arm-none-eabi/lib/thumb/v7e-m+fp/hard\libc_nano.a(libc_a-makebuf.o)
 .ARM.attributes
                0x00000b07       0x34 C:/ST/STM32CubeIDE_1.19.0/STM32CubeIDE/plugins/com.st.stm32cube.ide.mcu.externaltools.gnu-tools-for-stm32.13.3.rel1.win32_1.0.0.202411081344/tools/bin/../lib/gcc/arm-none-eabi/13.3.1/../../../../arm-none-eabi/lib/thumb/v7e-m+fp/hard\libc_nano.a(libc_a-fstatr.o)
 .ARM.attributes
                0x00000b3b       0x34 C:/ST/STM32CubeIDE_1.19.0/STM32CubeIDE/plugins/com.st.stm32cube.ide.mcu.externaltools.gnu-tools-for-stm32.13.3.rel1.win32_1.0.0.202411081344/tools/bin/../lib/gcc/arm-none-eabi/13.3.1/../../../../arm-none-eabi/lib/thumb/v7e-m+fp/hard\libc_nano.a(libc_a-isattyr.o)
 .ARM.attributes
                0x00000b6f       0x34 C:/ST/STM32CubeIDE_1.19.0/STM32CubeIDE/plugins/com.st.stm32cube.ide.mcu.externaltools.gnu-tools-for-stm32.13.3.rel1.win32_1.0.0.202411081344/tools/bin/../lib/gcc/arm-none-eabi/13.3.1/../../../../arm-none-eabi/lib/thumb/v7e-m+fp/hard\libc_nano.a(libc_a-sbrkr.o)
 .ARM.attributes
                0x00000ba3       0x1c C:/ST/STM32CubeIDE_1.19.0/STM32CubeIDE/plugins/com.st.stm32cube.ide.mcu.externaltools.gnu-tools-for-stm32.13.3.rel1.win32_1.0.0.202411081344/tools/bin/../lib/gcc/arm-none-eabi/13.3.1/../../../../arm-none-eabi/lib/thumb/v7e-m+fp/hard\libc_nano.a(libc_a-memchr.o)
 .ARM.attributes
                0x00000bbf       0x22 C:/ST/STM32CubeIDE_1.19.0/STM32CubeIDE/plugins/com.st.stm32cube.ide.mcu.externaltools.gnu-tools-for-stm32.13.3.rel1.win32_1.0.0.202411081344/tools/bin/../lib/gcc/arm-none-eabi/13.3.1/thumb/v7e-m+fp/hard\libgcc.a(_aeabi_uldivmod.o)
 .ARM.attributes
                0x00000be1       0x34 C:/ST/STM32CubeIDE_1.19.0/STM32CubeIDE/plugins/com.st.stm32cube.ide.mcu.externaltools.gnu-tools-for-stm32.13.3.rel1.win32_1.0.0.202411081344/tools/bin/../lib/gcc/arm-none-eabi/13.3.1/thumb/v7e-m+fp/hard\libgcc.a(_udivmoddi4.o)
 .ARM.attributes
                0x00000c15       0x22 C:/ST/STM32CubeIDE_1.19.0/STM32CubeIDE/plugins/com.st.stm32cube.ide.mcu.externaltools.gnu-tools-for-stm32.13.3.rel1.win32_1.0.0.202411081344/tools/bin/../lib/gcc/arm-none-eabi/13.3.1/thumb/v7e-m+fp/hard\libgcc.a(_dvmd_tls.o)
 .ARM.attributes
                0x00000c37       0x22 C:/ST/STM32CubeIDE_1.19.0/STM32CubeIDE/plugins/com.st.stm32cube.ide.mcu.externaltools.gnu-tools-for-stm32.13.3.rel1.win32_1.0.0.202411081344/tools/bin/../lib/gcc/arm-none-eabi/13.3.1/thumb/v7e-m+fp/hard/crtn.o
OUTPUT(MFE--MiniRideheight.elf elf32-littlearm)
LOAD linker stubs
LOAD C:/ST/STM32CubeIDE_1.19.0/STM32CubeIDE/plugins/com.st.stm32cube.ide.mcu.externaltools.gnu-tools-for-stm32.13.3.rel1.win32_1.0.0.202411081344/tools/bin/../lib/gcc/arm-none-eabi/13.3.1/../../../../arm-none-eabi/lib/thumb/v7e-m+fp/hard\libc.a
LOAD C:/ST/STM32CubeIDE_1.19.0/STM32CubeIDE/plugins/com.st.stm32cube.ide.mcu.externaltools.gnu-tools-for-stm32.13.3.rel1.win32_1.0.0.202411081344/tools/bin/../lib/gcc/arm-none-eabi/13.3.1/../../../../arm-none-eabi/lib/thumb/v7e-m+fp/hard\libm.a
LOAD C:/ST/STM32CubeIDE_1.19.0/STM32CubeIDE/plugins/com.st.stm32cube.ide.mcu.externaltools.gnu-tools-for-stm32.13.3.rel1.win32_1.0.0.202411081344/tools/bin/../lib/gcc/arm-none-eabi/13.3.1/thumb/v7e-m+fp/hard\libgcc.a

.debug_info     0x00000000    0x17654
 .debug_info    0x00000000      0x7d4 ./Core/Src/BoardManager.o
 .debug_info    0x000007d4     0x1868 ./Core/Src/CANDriver.o
 .debug_info    0x0000203c      0x3ff ./Core/Src/CANMessage.o
 .debug_info    0x0000243b      0xb4b ./Core/Src/CAN_driver_wrapper.o
 .debug_info    0x00002f86      0xb57 ./Core/Src/fdcan.o
 .debug_info    0x00003add      0x6b8 ./Core/Src/gpio.o
 .debug_info    0x00004195      0xf2d ./Core/Src/i2c.o
 .debug_info    0x000050c2      0x434 ./Core/Src/main.o
 .debug_info    0x000054f6      0x2da ./Core/Src/stm32g4xx_hal_msp.o
 .debug_info    0x000057d0      0x7e1 ./Core/Src/stm32g4xx_it.o
 .debug_info    0x00005fb1      0xde9 ./Core/Src/syscalls.o
 .debug_info    0x00006d9a      0x168 ./Core/Src/sysmem.o
 .debug_info    0x00006f02      0x58e ./Core/Src/system_stm32g4xx.o
 .debug_info    0x00007490      0xd9f ./Core/Src/usart.o
 .debug_info    0x0000822f       0x30 ./Core/Startup/startup_stm32g491kcux.o
 .debug_info    0x0000825f      0x9f5 ./Drivers/Platform/platform.o
 .debug_info    0x00008c54      0xb29 ./Drivers/STM32G4xx_HAL_Driver/Src/stm32g4xx_hal.o
 .debug_info    0x0000977d      0xd8d ./Drivers/STM32G4xx_HAL_Driver/Src/stm32g4xx_hal_cortex.o
 .debug_info    0x0000a50a     0x18aa ./Drivers/STM32G4xx_HAL_Driver/Src/stm32g4xx_hal_fdcan.o
 .debug_info    0x0000bdb4      0x772 ./Drivers/STM32G4xx_HAL_Driver/Src/stm32g4xx_hal_gpio.o
 .debug_info    0x0000c526     0x21ea ./Drivers/STM32G4xx_HAL_Driver/Src/stm32g4xx_hal_i2c.o
 .debug_info    0x0000e710      0xad6 ./Drivers/STM32G4xx_HAL_Driver/Src/stm32g4xx_hal_i2c_ex.o
 .debug_info    0x0000f1e6      0x944 ./Drivers/STM32G4xx_HAL_Driver/Src/stm32g4xx_hal_pwr_ex.o
 .debug_info    0x0000fb2a      0xb9b ./Drivers/STM32G4xx_HAL_Driver/Src/stm32g4xx_hal_rcc.o
 .debug_info    0x000106c5      0xc51 ./Drivers/STM32G4xx_HAL_Driver/Src/stm32g4xx_hal_rcc_ex.o
 .debug_info    0x00011316     0x4854 ./Drivers/STM32G4xx_HAL_Driver/Src/stm32g4xx_hal_uart.o
 .debug_info    0x00015b6a      0xfdc ./Drivers/STM32G4xx_HAL_Driver/Src/stm32g4xx_hal_uart_ex.o
 .debug_info    0x00016b46      0xb0e ./Drivers/VL53L4CD_ULD_Driver/VL53L4CD_api.o

.debug_abbrev   0x00000000     0x3852
 .debug_abbrev  0x00000000      0x198 ./Core/Src/BoardManager.o
 .debug_abbrev  0x00000198      0x3e6 ./Core/Src/CANDriver.o
 .debug_abbrev  0x0000057e      0x205 ./Core/Src/CANMessage.o
 .debug_abbrev  0x00000783      0x2b4 ./Core/Src/CAN_driver_wrapper.o
 .debug_abbrev  0x00000a37      0x1d3 ./Core/Src/fdcan.o
 .debug_abbrev  0x00000c0a      0x19f ./Core/Src/gpio.o
 .debug_abbrev  0x00000da9      0x220 ./Core/Src/i2c.o
 .debug_abbrev  0x00000fc9      0x1e8 ./Core/Src/main.o
 .debug_abbrev  0x000011b1       0xd9 ./Core/Src/stm32g4xx_hal_msp.o
 .debug_abbrev  0x0000128a      0x177 ./Core/Src/stm32g4xx_it.o
 .debug_abbrev  0x00001401      0x256 ./Core/Src/syscalls.o
 .debug_abbrev  0x00001657       0xbc ./Core/Src/sysmem.o
 .debug_abbrev  0x00001713      0x11a ./Core/Src/system_stm32g4xx.o
 .debug_abbrev  0x0000182d      0x20d ./Core/Src/usart.o
 .debug_abbrev  0x00001a3a       0x24 ./Core/Startup/startup_stm32g491kcux.o
 .debug_abbrev  0x00001a5e      0x1b0 ./Drivers/Platform/platform.o
 .debug_abbrev  0x00001c0e      0x271 ./Drivers/STM32G4xx_HAL_Driver/Src/stm32g4xx_hal.o
 .debug_abbrev  0x00001e7f      0x31c ./Drivers/STM32G4xx_HAL_Driver/Src/stm32g4xx_hal_cortex.o
 .debug_abbrev  0x0000219b      0x1f8 ./Drivers/STM32G4xx_HAL_Driver/Src/stm32g4xx_hal_fdcan.o
 .debug_abbrev  0x00002393      0x1d2 ./Drivers/STM32G4xx_HAL_Driver/Src/stm32g4xx_hal_gpio.o
 .debug_abbrev  0x00002565      0x25e ./Drivers/STM32G4xx_HAL_Driver/Src/stm32g4xx_hal_i2c.o
 .debug_abbrev  0x000027c3      0x1c0 ./Drivers/STM32G4xx_HAL_Driver/Src/stm32g4xx_hal_i2c_ex.o
 .debug_abbrev  0x00002983      0x22c ./Drivers/STM32G4xx_HAL_Driver/Src/stm32g4xx_hal_pwr_ex.o
 .debug_abbrev  0x00002baf      0x2c9 ./Drivers/STM32G4xx_HAL_Driver/Src/stm32g4xx_hal_rcc.o
 .debug_abbrev  0x00002e78      0x261 ./Drivers/STM32G4xx_HAL_Driver/Src/stm32g4xx_hal_rcc_ex.o
 .debug_abbrev  0x000030d9      0x304 ./Drivers/STM32G4xx_HAL_Driver/Src/stm32g4xx_hal_uart.o
 .debug_abbrev  0x000033dd      0x2d2 ./Drivers/STM32G4xx_HAL_Driver/Src/stm32g4xx_hal_uart_ex.o
 .debug_abbrev  0x000036af      0x1a3 ./Drivers/VL53L4CD_ULD_Driver/VL53L4CD_api.o

.debug_aranges  0x00000000     0x1210
 .debug_aranges
                0x00000000       0x38 ./Core/Src/BoardManager.o
 .debug_aranges
                0x00000038       0x70 ./Core/Src/CANDriver.o
 .debug_aranges
                0x000000a8       0x48 ./Core/Src/CANMessage.o
 .debug_aranges
                0x000000f0       0x48 ./Core/Src/CAN_driver_wrapper.o
 .debug_aranges
                0x00000138       0x30 ./Core/Src/fdcan.o
 .debug_aranges
                0x00000168       0x28 ./Core/Src/gpio.o
 .debug_aranges
                0x00000190       0x30 ./Core/Src/i2c.o
 .debug_aranges
                0x000001c0       0x30 ./Core/Src/main.o
 .debug_aranges
                0x000001f0       0x20 ./Core/Src/stm32g4xx_hal_msp.o
 .debug_aranges
                0x00000210       0x70 ./Core/Src/stm32g4xx_it.o
 .debug_aranges
                0x00000280       0xa8 ./Core/Src/syscalls.o
 .debug_aranges
                0x00000328       0x20 ./Core/Src/sysmem.o
 .debug_aranges
                0x00000348       0x28 ./Core/Src/system_stm32g4xx.o
 .debug_aranges
                0x00000370       0x30 ./Core/Src/usart.o
 .debug_aranges
                0x000003a0       0x28 ./Core/Startup/startup_stm32g491kcux.o
 .debug_aranges
                0x000003c8       0x50 ./Drivers/Platform/platform.o
 .debug_aranges
                0x00000418      0x148 ./Drivers/STM32G4xx_HAL_Driver/Src/stm32g4xx_hal.o
 .debug_aranges
                0x00000560      0x128 ./Drivers/STM32G4xx_HAL_Driver/Src/stm32g4xx_hal_cortex.o
 .debug_aranges
                0x00000688      0x208 ./Drivers/STM32G4xx_HAL_Driver/Src/stm32g4xx_hal_fdcan.o
 .debug_aranges
                0x00000890       0x58 ./Drivers/STM32G4xx_HAL_Driver/Src/stm32g4xx_hal_gpio.o
 .debug_aranges
                0x000008e8      0x2a0 ./Drivers/STM32G4xx_HAL_Driver/Src/stm32g4xx_hal_i2c.o
 .debug_aranges
                0x00000b88       0x48 ./Drivers/STM32G4xx_HAL_Driver/Src/stm32g4xx_hal_i2c_ex.o
 .debug_aranges
                0x00000bd0      0x140 ./Drivers/STM32G4xx_HAL_Driver/Src/stm32g4xx_hal_pwr_ex.o
 .debug_aranges
                0x00000d10       0x98 ./Drivers/STM32G4xx_HAL_Driver/Src/stm32g4xx_hal_rcc.o
 .debug_aranges
                0x00000da8       0xb0 ./Drivers/STM32G4xx_HAL_Driver/Src/stm32g4xx_hal_rcc_ex.o
 .debug_aranges
                0x00000e58      0x248 ./Drivers/STM32G4xx_HAL_Driver/Src/stm32g4xx_hal_uart.o
 .debug_aranges
                0x000010a0       0xa8 ./Drivers/STM32G4xx_HAL_Driver/Src/stm32g4xx_hal_uart_ex.o
 .debug_aranges
                0x00001148       0xc8 ./Drivers/VL53L4CD_ULD_Driver/VL53L4CD_api.o

.debug_rnglists
                0x00000000      0xdbc
 .debug_rnglists
                0x00000000       0x25 ./Core/Src/BoardManager.o
 .debug_rnglists
                0x00000025       0x53 ./Core/Src/CANDriver.o
 .debug_rnglists
                0x00000078       0x31 ./Core/Src/CANMessage.o
 .debug_rnglists
                0x000000a9       0x31 ./Core/Src/CAN_driver_wrapper.o
 .debug_rnglists
                0x000000da       0x21 ./Core/Src/fdcan.o
 .debug_rnglists
                0x000000fb       0x1a ./Core/Src/gpio.o
 .debug_rnglists
                0x00000115       0x21 ./Core/Src/i2c.o
 .debug_rnglists
                0x00000136       0x20 ./Core/Src/main.o
 .debug_rnglists
                0x00000156       0x13 ./Core/Src/stm32g4xx_hal_msp.o
 .debug_rnglists
                0x00000169       0x4f ./Core/Src/stm32g4xx_it.o
 .debug_rnglists
                0x000001b8       0x79 ./Core/Src/syscalls.o
 .debug_rnglists
                0x00000231       0x13 ./Core/Src/sysmem.o
 .debug_rnglists
                0x00000244       0x1a ./Core/Src/system_stm32g4xx.o
 .debug_rnglists
                0x0000025e       0x21 ./Core/Src/usart.o
 .debug_rnglists
                0x0000027f       0x19 ./Core/Startup/startup_stm32g491kcux.o
 .debug_rnglists
                0x00000298       0x37 ./Drivers/Platform/platform.o
 .debug_rnglists
                0x000002cf       0xf1 ./Drivers/STM32G4xx_HAL_Driver/Src/stm32g4xx_hal.o
 .debug_rnglists
                0x000003c0       0xda ./Drivers/STM32G4xx_HAL_Driver/Src/stm32g4xx_hal_cortex.o
 .debug_rnglists
                0x0000049a      0x18d ./Drivers/STM32G4xx_HAL_Driver/Src/stm32g4xx_hal_fdcan.o
 .debug_rnglists
                0x00000627       0x3f ./Drivers/STM32G4xx_HAL_Driver/Src/stm32g4xx_hal_gpio.o
 .debug_rnglists
                0x00000666      0x228 ./Drivers/STM32G4xx_HAL_Driver/Src/stm32g4xx_hal_i2c.o
 .debug_rnglists
                0x0000088e       0x35 ./Drivers/STM32G4xx_HAL_Driver/Src/stm32g4xx_hal_i2c_ex.o
 .debug_rnglists
                0x000008c3       0xf1 ./Drivers/STM32G4xx_HAL_Driver/Src/stm32g4xx_hal_pwr_ex.o
 .debug_rnglists
                0x000009b4       0x74 ./Drivers/STM32G4xx_HAL_Driver/Src/stm32g4xx_hal_rcc.o
 .debug_rnglists
                0x00000a28       0x87 ./Drivers/STM32G4xx_HAL_Driver/Src/stm32g4xx_hal_rcc_ex.o
 .debug_rnglists
                0x00000aaf      0x1f7 ./Drivers/STM32G4xx_HAL_Driver/Src/stm32g4xx_hal_uart.o
 .debug_rnglists
                0x00000ca6       0x7f ./Drivers/STM32G4xx_HAL_Driver/Src/stm32g4xx_hal_uart_ex.o
 .debug_rnglists
                0x00000d25       0x97 ./Drivers/VL53L4CD_ULD_Driver/VL53L4CD_api.o

.debug_macro    0x00000000    0x2434f
 .debug_macro   0x00000000      0x33e ./Core/Src/BoardManager.o
 .debug_macro   0x0000033e      0xad8 ./Core/Src/BoardManager.o
 .debug_macro   0x00000e16       0x22 ./Core/Src/BoardManager.o
 .debug_macro   0x00000e38       0x8e ./Core/Src/BoardManager.o
 .debug_macro   0x00000ec6       0x51 ./Core/Src/BoardManager.o
 .debug_macro   0x00000f17      0x103 ./Core/Src/BoardManager.o
 .debug_macro   0x0000101a       0x6a ./Core/Src/BoardManager.o
 .debug_macro   0x00001084      0x1df ./Core/Src/BoardManager.o
 .debug_macro   0x00001263       0x61 ./Core/Src/BoardManager.o
 .debug_macro   0x000012c4       0x2a ./Core/Src/BoardManager.o
 .debug_macro   0x000012ee       0x43 ./Core/Src/BoardManager.o
 .debug_macro   0x00001331       0x34 ./Core/Src/BoardManager.o
 .debug_macro   0x00001365      0x190 ./Core/Src/BoardManager.o
 .debug_macro   0x000014f5      0x370 ./Core/Src/BoardManager.o
 .debug_macro   0x00001865       0x16 ./Core/Src/BoardManager.o
 .debug_macro   0x0000187b       0x4a ./Core/Src/BoardManager.o
 .debug_macro   0x000018c5       0x34 ./Core/Src/BoardManager.o
 .debug_macro   0x000018f9       0x10 ./Core/Src/BoardManager.o
 .debug_macro   0x00001909       0x58 ./Core/Src/BoardManager.o
 .debug_macro   0x00001961       0x8e ./Core/Src/BoardManager.o
 .debug_macro   0x000019ef       0x1c ./Core/Src/BoardManager.o
 .debug_macro   0x00001a0b      0x185 ./Core/Src/BoardManager.o
 .debug_macro   0x00001b90       0x10 ./Core/Src/BoardManager.o
 .debug_macro   0x00001ba0       0x3c ./Core/Src/BoardManager.o
 .debug_macro   0x00001bdc       0x20 ./Core/Src/BoardManager.o
 .debug_macro   0x00001bfc      0x161 ./Core/Src/BoardManager.o
 .debug_macro   0x00001d5d       0x2e ./Core/Src/BoardManager.o
 .debug_macro   0x00001d8b       0x28 ./Core/Src/BoardManager.o
 .debug_macro   0x00001db3       0x1c ./Core/Src/BoardManager.o
 .debug_macro   0x00001dcf       0x22 ./Core/Src/BoardManager.o
 .debug_macro   0x00001df1       0xfb ./Core/Src/BoardManager.o
 .debug_macro   0x00001eec     0x1011 ./Core/Src/BoardManager.o
 .debug_macro   0x00002efd      0x11f ./Core/Src/BoardManager.o
 .debug_macro   0x0000301c    0x11e7f ./Core/Src/BoardManager.o
 .debug_macro   0x00014e9b       0x6d ./Core/Src/BoardManager.o
 .debug_macro   0x00014f08     0x3558 ./Core/Src/BoardManager.o
 .debug_macro   0x00018460       0x56 ./Core/Src/BoardManager.o
 .debug_macro   0x000184b6     0x1535 ./Core/Src/BoardManager.o
 .debug_macro   0x000199eb      0x5cf ./Core/Src/BoardManager.o
 .debug_macro   0x00019fba      0x1b6 ./Core/Src/BoardManager.o
 .debug_macro   0x0001a170      0x2d0 ./Core/Src/BoardManager.o
 .debug_macro   0x0001a440      0x4a2 ./Core/Src/BoardManager.o
 .debug_macro   0x0001a8e2      0x18b ./Core/Src/BoardManager.o
 .debug_macro   0x0001aa6d       0x43 ./Core/Src/BoardManager.o
 .debug_macro   0x0001aab0      0x23d ./Core/Src/BoardManager.o
 .debug_macro   0x0001aced      0x211 ./Core/Src/BoardManager.o
 .debug_macro   0x0001aefe      0x6bd ./Core/Src/BoardManager.o
 .debug_macro   0x0001b5bb      0x416 ./Core/Src/BoardManager.o
 .debug_macro   0x0001b9d1      0x10e ./Core/Src/BoardManager.o
 .debug_macro   0x0001badf      0x22c ./Core/Src/BoardManager.o
 .debug_macro   0x0001bd0b       0x61 ./Core/Src/BoardManager.o
 .debug_macro   0x0001bd6c       0xa5 ./Core/Src/BoardManager.o
 .debug_macro   0x0001be11      0x122 ./Core/Src/BoardManager.o
 .debug_macro   0x0001bf33      0x3d1 ./Core/Src/BoardManager.o
 .debug_macro   0x0001c304      0x693 ./Core/Src/BoardManager.o
 .debug_macro   0x0001c997       0xa6 ./Core/Src/BoardManager.o
 .debug_macro   0x0001ca3d      0x321 ./Core/Src/BoardManager.o
 .debug_macro   0x0001cd5e       0xe8 ./Core/Src/BoardManager.o
 .debug_macro   0x0001ce46       0x22 ./Core/Src/BoardManager.o
 .debug_macro   0x0001ce68       0x1c ./Core/Src/BoardManager.o
 .debug_macro   0x0001ce84       0x10 ./Core/Src/BoardManager.o
 .debug_macro   0x0001ce94       0x1c ./Core/Src/BoardManager.o
 .debug_macro   0x0001ceb0       0x16 ./Core/Src/BoardManager.o
 .debug_macro   0x0001cec6      0x146 ./Core/Src/BoardManager.o
 .debug_macro   0x0001d00c       0x22 ./Core/Src/BoardManager.o
 .debug_macro   0x0001d02e      0x312 ./Core/Src/CANDriver.o
 .debug_macro   0x0001d340      0xbb0 ./Core/Src/CANDriver.o
 .debug_macro   0x0001def0       0x1c ./Core/Src/CANDriver.o
 .debug_macro   0x0001df0c     0x1011 ./Core/Src/CANDriver.o
 .debug_macro   0x0001ef1d      0x197 ./Core/Src/CANDriver.o
 .debug_macro   0x0001f0b4       0x5c ./Core/Src/CANDriver.o
 .debug_macro   0x0001f110      0x1f2 ./Core/Src/CANDriver.o
 .debug_macro   0x0001f302       0x10 ./Core/Src/CANDriver.o
 .debug_macro   0x0001f312      0x409 ./Core/Src/CANDriver.o
 .debug_macro   0x0001f71b       0x34 ./Core/Src/CANDriver.o
 .debug_macro   0x0001f74f       0x16 ./Core/Src/CANDriver.o
 .debug_macro   0x0001f765       0x3c ./Core/Src/CANDriver.o
 .debug_macro   0x0001f7a1      0x38c ./Core/Src/CANDriver.o
 .debug_macro   0x0001fb2d       0x4a ./Core/Src/CANDriver.o
 .debug_macro   0x0001fb77       0x16 ./Core/Src/CANDriver.o
 .debug_macro   0x0001fb8d       0x16 ./Core/Src/CANDriver.o
 .debug_macro   0x0001fba3      0x138 ./Core/Src/CANDriver.o
 .debug_macro   0x0001fcdb      0x11d ./Core/Src/CANDriver.o
 .debug_macro   0x0001fdf8      0x171 ./Core/Src/CANMessage.o
 .debug_macro   0x0001ff69       0x8e ./Core/Src/CANMessage.o
 .debug_macro   0x0001fff7      0x221 ./Core/Src/CAN_driver_wrapper.o
 .debug_macro   0x00020218       0x16 ./Core/Src/CAN_driver_wrapper.o
 .debug_macro   0x0002022e      0x1f1 ./Core/Src/fdcan.o
 .debug_macro   0x0002041f      0x1fa ./Core/Src/gpio.o
 .debug_macro   0x00020619      0x1f1 ./Core/Src/i2c.o
 .debug_macro   0x0002080a      0x35a ./Core/Src/main.o
 .debug_macro   0x00020b64      0x1e7 ./Core/Src/stm32g4xx_hal_msp.o
 .debug_macro   0x00020d4b      0x1f1 ./Core/Src/stm32g4xx_it.o
 .debug_macro   0x00020f3c      0x3fd ./Core/Src/syscalls.o
 .debug_macro   0x00021339       0x5b ./Core/Src/syscalls.o
 .debug_macro   0x00021394       0x94 ./Core/Src/syscalls.o
 .debug_macro   0x00021428       0x57 ./Core/Src/syscalls.o
 .debug_macro   0x0002147f       0x10 ./Core/Src/syscalls.o
 .debug_macro   0x0002148f       0x10 ./Core/Src/syscalls.o
 .debug_macro   0x0002149f       0x10 ./Core/Src/syscalls.o
 .debug_macro   0x000214af       0x10 ./Core/Src/syscalls.o
 .debug_macro   0x000214bf       0x1c ./Core/Src/syscalls.o
 .debug_macro   0x000214db       0x52 ./Core/Src/syscalls.o
 .debug_macro   0x0002152d       0x22 ./Core/Src/syscalls.o
 .debug_macro   0x0002154f       0x10 ./Core/Src/syscalls.o
 .debug_macro   0x0002155f       0x52 ./Core/Src/syscalls.o
 .debug_macro   0x000215b1       0xcf ./Core/Src/syscalls.o
 .debug_macro   0x00021680       0x1c ./Core/Src/syscalls.o
 .debug_macro   0x0002169c       0x3d ./Core/Src/syscalls.o
 .debug_macro   0x000216d9       0x35 ./Core/Src/syscalls.o
 .debug_macro   0x0002170e      0x12c ./Core/Src/syscalls.o
 .debug_macro   0x0002183a       0x16 ./Core/Src/syscalls.o
 .debug_macro   0x00021850       0x16 ./Core/Src/syscalls.o
 .debug_macro   0x00021866       0x29 ./Core/Src/syscalls.o
 .debug_macro   0x0002188f       0x10 ./Core/Src/syscalls.o
 .debug_macro   0x0002189f      0x242 ./Core/Src/syscalls.o
 .debug_macro   0x00021ae1       0x10 ./Core/Src/syscalls.o
 .debug_macro   0x00021af1      0x18a ./Core/Src/syscalls.o
 .debug_macro   0x00021c7b       0x16 ./Core/Src/syscalls.o
 .debug_macro   0x00021c91       0xce ./Core/Src/syscalls.o
 .debug_macro   0x00021d5f      0x112 ./Core/Src/sysmem.o
 .debug_macro   0x00021e71      0x23c ./Core/Src/sysmem.o
 .debug_macro   0x000220ad      0x1dd ./Core/Src/system_stm32g4xx.o
 .debug_macro   0x0002228a      0x1f1 ./Core/Src/usart.o
 .debug_macro   0x0002247b      0x2cf ./Drivers/Platform/platform.o
 .debug_macro   0x0002274a      0x22b ./Drivers/STM32G4xx_HAL_Driver/Src/stm32g4xx_hal.o
 .debug_macro   0x00022975      0x1dd ./Drivers/STM32G4xx_HAL_Driver/Src/stm32g4xx_hal_cortex.o
 .debug_macro   0x00022b52      0x2ef ./Drivers/STM32G4xx_HAL_Driver/Src/stm32g4xx_hal_fdcan.o
 .debug_macro   0x00022e41      0x1e4 ./Drivers/STM32G4xx_HAL_Driver/Src/stm32g4xx_hal_gpio.o
 .debug_macro   0x00023025      0x2a9 ./Drivers/STM32G4xx_HAL_Driver/Src/stm32g4xx_hal_i2c.o
 .debug_macro   0x000232ce      0x1dd ./Drivers/STM32G4xx_HAL_Driver/Src/stm32g4xx_hal_i2c_ex.o
 .debug_macro   0x000234ab      0x207 ./Drivers/STM32G4xx_HAL_Driver/Src/stm32g4xx_hal_pwr_ex.o
 .debug_macro   0x000236b2      0x21f ./Drivers/STM32G4xx_HAL_Driver/Src/stm32g4xx_hal_rcc.o
 .debug_macro   0x000238d1      0x207 ./Drivers/STM32G4xx_HAL_Driver/Src/stm32g4xx_hal_rcc_ex.o
 .debug_macro   0x00023ad8      0x208 ./Drivers/STM32G4xx_HAL_Driver/Src/stm32g4xx_hal_uart.o
 .debug_macro   0x00023ce0      0x1e9 ./Drivers/STM32G4xx_HAL_Driver/Src/stm32g4xx_hal_uart_ex.o
 .debug_macro   0x00023ec9      0x2eb ./Drivers/VL53L4CD_ULD_Driver/VL53L4CD_api.o
 .debug_macro   0x000241b4      0x19b ./Drivers/VL53L4CD_ULD_Driver/VL53L4CD_api.o

.debug_line     0x00000000    0x18843
 .debug_line    0x00000000      0xac0 ./Core/Src/BoardManager.o
 .debug_line    0x00000ac0      0xdc4 ./Core/Src/CANDriver.o
 .debug_line    0x00001884      0x825 ./Core/Src/CANMessage.o
 .debug_line    0x000020a9      0x8b9 ./Core/Src/CAN_driver_wrapper.o
 .debug_line    0x00002962      0x819 ./Core/Src/fdcan.o
 .debug_line    0x0000317b      0x7ae ./Core/Src/gpio.o