../Drivers/VL53L4CD_ULD_Driver/VL53L4CD_api.c:135:16:VL53L4CD_GetSWVersion	24	static
../Drivers/VL53L4CD_ULD_Driver/VL53L4CD_api.c:147:16:VL53L4CD_SetI2CAddress	24	static
../Drivers/VL53L4CD_ULD_Driver/VL53L4CD_api.c:158:16:VL53L4CD_GetSensorId	24	static
../Drivers/VL53L4CD_ULD_Driver/VL53L4CD_api.c:168:16:VL53L4CD_SensorInit	24	static
../Drivers/VL53L4CD_ULD_Driver/VL53L4CD_api.c:239:16:VL53L4CD_ClearInterrupt	24	static
../Drivers/VL53L4CD_ULD_Driver/VL53L4CD_api.c:248:16:VL53L4CD_StartRanging	24	static
../Drivers/VL53L4CD_ULD_Driver/VL53L4CD_api.c:270:16:VL53L4CD_StopRanging	24	static
../Drivers/VL53L4CD_ULD_Driver/VL53L4CD_api.c:279:16:VL53L4CD_CheckForDataReady	24	static
../Drivers/VL53L4CD_ULD_Driver/VL53L4CD_api.c:314:16:VL53L4CD_SetRangeTiming	56	static
../Drivers/VL53L4CD_ULD_Driver/VL53L4CD_api.c:403:16:VL53L4CD_GetRangeTiming	56	static
../Drivers/VL53L4CD_ULD_Driver/VL53L4CD_api.c:460:16:VL53L4CD_GetResult	56	static
../Drivers/VL53L4CD_ULD_Driver/VL53L4CD_api.c:511:16:VL53L4CD_SetOffset	24	static
../Drivers/VL53L4CD_ULD_Driver/VL53L4CD_api.c:526:17:VL53L4CD_GetOffset	24	static
../Drivers/VL53L4CD_ULD_Driver/VL53L4CD_api.c:547:16:VL53L4CD_SetXtalk	24	static
../Drivers/VL53L4CD_ULD_Driver/VL53L4CD_api.c:564:16:VL53L4CD_GetXtalk	24	static
../Drivers/VL53L4CD_ULD_Driver/VL53L4CD_api.c:580:16:VL53L4CD_SetDetectionThresholds	32	static
../Drivers/VL53L4CD_ULD_Driver/VL53L4CD_api.c:594:16:VL53L4CD_GetDetectionThresholds	32	static
../Drivers/VL53L4CD_ULD_Driver/VL53L4CD_api.c:609:16:VL53L4CD_SetSignalThreshold	24	static
../Drivers/VL53L4CD_ULD_Driver/VL53L4CD_api.c:620:16:VL53L4CD_GetSignalThreshold	24	static
../Drivers/VL53L4CD_ULD_Driver/VL53L4CD_api.c:634:16:VL53L4CD_SetSigmaThreshold	24	static
../Drivers/VL53L4CD_ULD_Driver/VL53L4CD_api.c:653:16:VL53L4CD_GetSigmaThreshold	24	static
../Drivers/VL53L4CD_ULD_Driver/VL53L4CD_api.c:666:16:VL53L4CD_StartTemperatureUpdate	24	static
